15:43:31,656 commands.uninstall INFO Running platform uninstaller...
15:43:31,656 cli_utils.checks INFO Running check: check_user_id
15:43:31,656 cli_utils.checks INFO Running check: check_internet_connection
15:43:31,656 checks.internet INFO Checking Internet access.
15:43:31,656 checks.internet DEBUG Sending request to http://ghcr.io...
15:43:31,657 urllib3.connectionpool DEBUG Starting new HTTP connection (1): proxy-dmz.intel.com:911
15:43:31,827 urllib3.connectionpool DEBUG http://proxy-dmz.intel.com:911 "HEAD http://ghcr.io/ HTTP/1.1" 301 0
15:43:31,827 checks.internet DEBUG Internet is accessible.
15:43:31,828 cli_utils.checks INFO Running check: check_if_k3s_installed_by_platform_installer
15:43:31,828 checks.k3s INFO Checking if k3s was installed by platform installer.
15:43:31,828 checks.k3s DEBUG Checking whether impt_k3s stub file exists in /etc/rancher/k3s directory...
15:43:31,828 checks.k3s DEBUG impt_k3s stub file exists.
15:43:35,444 commands.uninstall INFO Uninstalling k3s. Detailed logs can be found in: platform_logs/k3s_uninstall.log and platform_logs/install.log.
15:43:35,451 k3s.uninstall ERROR Failed to get data folder location.
15:43:35,451 k3s.uninstall ERROR (404)
Reason: Not Found
HTTP response headers: HTTPHeaderDict({'Audit-Id': 'ce820bfc-7983-4a37-9bb7-4aa5a7049889', 'Cache-Control': 'no-cache, private', 'Content-Type': 'application/json', 'X-Kubernetes-Pf-Flowschema-Uid': 'd15c07b1-c3b1-44d2-8efd-2a56ab87d409', 'X-Kubernetes-Pf-Prioritylevel-Uid': '859a3f15-5bb7-4522-a4ec-6e9855a4d482', 'Date': 'Sun, 09 Aug 2026 08:43:35 GMT', 'Content-Length': '232'})
HTTP response body: {"kind":"Status","apiVersion":"v1","metadata":{},"status":"Failure","message":"persistentvolumes \"data-storage-volume\" not found","reason":"NotFound","details":{"name":"data-storage-volume","kind":"persistentvolumes"},"code":404}


15:43:36,577 k3s.uninstall ERROR Failed to remove the contents of the data folder.
15:43:36,577 k3s.uninstall ERROR 
