15:43:39,214 commands.install INFO 2.13.1-de29b7ba Running platform installer...
15:43:39,214 cli_utils.checks INFO Running check: check_user_id
15:43:39,215 cli_utils.checks INFO Running check: check_os_version
15:43:39,215 checks.os DEBUG Checking OS version with `grep ^PRETTY /etc/os-release`
15:43:39,217 checks.os DEBUG Local OS: Ubuntu 24.04.4 LTS, required OS: Ubuntu 20.04, Ubuntu 22.04, Ubuntu 24.04, Ubuntu 25.04, Red Hat Enterprise Linux 9.
15:43:39,217 cli_utils.checks INFO Running check: check_internet_connection
15:43:39,217 checks.internet INFO Checking Internet access.
15:43:39,217 checks.internet DEBUG Sending request to http://ghcr.io...
15:43:39,218 urllib3.connectionpool DEBUG Starting new HTTP connection (1): proxy-dmz.intel.com:911
15:43:39,386 urllib3.connectionpool DEBUG http://proxy-dmz.intel.com:911 "HEAD http://ghcr.io/ HTTP/1.1" 301 0
15:43:39,386 checks.internet DEBUG Internet is accessible.
15:43:39,387 cli_utils.checks INFO Running check: check_dns_ipv4_handling
15:43:39,387 checks.dns INFO Checking IPv4 DNS resolve.
15:43:39,387 checks.dns DEBUG Resolving DNS to example.com
15:43:39,433 checks.dns DEBUG DNS did resolve to example.com
15:43:41,773 cli_utils.checks INFO Running check: check_local_cpu
15:43:41,773 checks.resources INFO Checking number of CPU cores.
15:43:41,773 checks.resources DEBUG PLATFORM_CPU_CORES_MIN: 16, available logical CPU cores: 20.
15:43:41,774 cli_utils.checks INFO Running check: check_local_mem
15:43:41,774 checks.resources INFO Checking available memory size.
15:43:41,774 checks.resources DEBUG Memory size requirements: 64 GB, memory available: 66.86 GB.
15:43:41,774 cli_utils.checks INFO Running check: check_local_disk
15:43:41,774 checks.resources INFO Checking size of available disk space.
15:43:41,774 checks.resources DEBUG Disk space requirements: 500 GB, disk space available: 851.03 GB.
15:43:41,774 checks.resources INFO Checking size of available root disk space.
15:43:41,774 checks.resources DEBUG Root filesystem requirements: 40 GB, root disk space available: 851.03 GB.
15:43:41,774 cli_utils.checks INFO Running check: check_local_gpu
15:43:41,775 checks.resources INFO Checking GPU card requirements.
15:43:41,775 checks.resources INFO Checking GPU card requirements.
15:43:41,841 checks.resources ERROR Error shutting down NVML: Uninitialized
15:43:41,841 checks.resources DEBUG Getting the list of Intel GPU with `xpu-smi discovery`
15:43:41,841 checks.resources DEBUG Getting the list of Intel GPU failed with [Errno 2] No such file or directory: 'xpu-smi'
15:43:41,841 checks.resources DEBUG Getting the list of Intel GPU drivers with clinfo|grep "Device Name"|grep Intel
15:43:41,843 checks.resources DEBUG Checking the installed Intel GPU driver failed with Command 'clinfo|grep "Device Name"|grep Intel' returned non-zero exit status 1.
15:43:41,843 checks.resources INFO GPU provider: nvidia
15:43:41,843 checks.resources DEBUG Found nVidia GPUs: NVIDIA GeForce RTX 5090, mem=32607MiB
15:43:41,843 cli_utils.checks INFO Running check: check_gpu_driver_version
15:43:41,843 checks.resources INFO Checking GPU driver version.
15:43:41,875 checks.resources DEBUG GPU driver version matched.
15:43:41,876 cli_utils.checks INFO Running check: check_k8s_is_not_installed
15:43:41,876 checks.k8s INFO Checking whether Kubernetes is not installed...
15:43:41,876 checks.ports DEBUG Port 6443 is available.
15:43:41,876 cli_utils.checks INFO Running check: check_required_ports_availability
15:43:41,876 checks.ports INFO Checking whether required ports [80, 443, 30000] are available.
15:43:41,876 checks.ports DEBUG Port 80 is available.
15:43:41,876 checks.ports DEBUG Port 443 is available.
15:43:41,876 checks.ports DEBUG Port 30000 is available.
15:43:41,876 cli_utils.checks INFO Running check: check_tools_configuration
15:43:41,876 checks.tools DEBUG Checking curl is installed
15:43:41,880 checks.tools DEBUG curl is installed.
15:43:41,880 checks.tools DEBUG Checking if snap is installed
15:43:41,905 checks.tools DEBUG snap is installed.
15:43:41,905 checks.tools DEBUG Checking if curl is installed by snap.
15:43:58,972 platform_stages.steps.install_system_packages INFO Downloading system packages...
15:43:58,974 platform_stages.steps.install_system_packages INFO Downloading https://get.helm.sh/helm-v3.16.1-linux-amd64.tar.gz to tools/helm-v3.16.1-linux-amd64.tar.gz...
15:43:58,975 urllib3.connectionpool DEBUG Starting new HTTPS connection (1): get.helm.sh:443
15:44:01,92 urllib3.connectionpool DEBUG https://get.helm.sh:443 "GET /helm-v3.16.1-linux-amd64.tar.gz HTTP/1.1" 200 17323067
15:44:04,61 platform_stages.steps.install_system_packages INFO Successfully downloaded tools/helm-v3.16.1-linux-amd64.tar.gz
15:44:04,608 platform_stages.steps.install_system_packages INFO Extracted helm to tools/
15:44:04,609 platform_stages.steps.install_system_packages INFO Removed archive tools/helm-v3.16.1-linux-amd64.tar.gz
15:44:04,609 platform_stages.steps.install_system_packages INFO Downloading https://github.com/k3s-io/k3s/releases/download/v1.31.0+k3s1/k3s to tools/k3s/k3s...
15:44:04,609 urllib3.connectionpool DEBUG Starting new HTTPS connection (1): github.com:443
15:44:05,253 urllib3.connectionpool DEBUG https://github.com:443 "GET /k3s-io/k3s/releases/download/v1.31.0+k3s1/k3s HTTP/1.1" 302 0
15:44:05,253 urllib3.connectionpool DEBUG Starting new HTTPS connection (1): release-assets.githubusercontent.com:443
15:44:05,646 urllib3.connectionpool DEBUG https://release-assets.githubusercontent.com:443 "GET /github-production-release-asset/135516270/6045f6b7-cc52-4090-abe1-56f3e2a0ce71?sp=r&sv=2018-11-09&sr=b&spr=https&se=2026-08-09T09%3A41%3A41Z&rscd=attachment%3B+filename%3Dk3s&rsct=application%2Foctet-stream&skoid=96c2d410-5711-43a1-aedd-ab1947aa7ab0&sktid=398a6654-997b-47e9-b12b-9515b896b4de&skt=2026-08-09T08%3A41%3A18Z&ske=2026-08-09T09%3A41%3A41Z&sks=b&skv=2018-11-09&sig=nsGbxnE0PVOAunrKgXtJQOxAnqKwwL%2BTrZg6FQsiBv4%3D&jwt=eyJ0eXAiOiJKV1QiLCJhbGciOiJIUzI1NiJ9.eyJpc3MiOiJnaXRodWIuY29tIiwiYXVkIjoicmVsZWFzZS1hc3NldHMuZ2l0aHVidXNlcmNvbnRlbnQuY29tIiwia2V5Ijoia2V5MSIsImV4cCI6MTc4NjI2Njg0NSwibmJmIjoxNzg2MjY1MDQ1LCJwYXRoIjoicmVsZWFzZWFzc2V0cHJvZHVjdGlvbi5ibG9iLmNvcmUud2luZG93cy5uZXQifQ.ybxb2mBzGDbI0iuBN5OTXchpFO8SkYrn2a03gidj7IU&response-content-disposition=attachment%3B%20filename%3Dk3s&response-content-type=application%2Foctet-stream HTTP/1.1" 200 68305048
15:44:11,680 platform_stages.steps.install_system_packages INFO Successfully downloaded tools/k3s/k3s
15:44:11,681 platform_stages.steps.install_system_packages INFO Downloading https://github.com/k3s-io/k3s/releases/download/v1.31.0+k3s1/k3s-airgap-images-amd64.tar.gz to tools/k3s/k3s-airgap-images-amd64.tar.gz...
15:44:11,682 urllib3.connectionpool DEBUG Starting new HTTPS connection (1): github.com:443
15:44:12,329 urllib3.connectionpool DEBUG https://github.com:443 "GET /k3s-io/k3s/releases/download/v1.31.0+k3s1/k3s-airgap-images-amd64.tar.gz HTTP/1.1" 302 0
15:44:12,330 urllib3.connectionpool DEBUG Starting new HTTPS connection (1): release-assets.githubusercontent.com:443
15:44:12,700 urllib3.connectionpool DEBUG https://release-assets.githubusercontent.com:443 "GET /github-production-release-asset/135516270/13c9c071-8cfc-44ad-9a8e-5c9e2d641b4b?sp=r&sv=2018-11-09&sr=b&spr=https&se=2026-08-09T09%3A39%3A11Z&rscd=attachment%3B+filename%3Dk3s-airgap-images-amd64.tar.gz&rsct=application%2Foctet-stream&skoid=96c2d410-5711-43a1-aedd-ab1947aa7ab0&sktid=398a6654-997b-47e9-b12b-9515b896b4de&skt=2026-08-09T08%3A38%3A41Z&ske=2026-08-09T09%3A39%3A11Z&sks=b&skv=2018-11-09&sig=LzKtqP9IZdR6dPhjHo%2BjlJA6bElOA%2B%2FcNVC6tUKWTHQ%3D&jwt=eyJ0eXAiOiJKV1QiLCJhbGciOiJIUzI1NiJ9.eyJpc3MiOiJnaXRodWIuY29tIiwiYXVkIjoicmVsZWFzZS1hc3NldHMuZ2l0aHVidXNlcmNvbnRlbnQuY29tIiwia2V5Ijoia2V5MSIsImV4cCI6MTc4NjI2ODY1MiwibmJmIjoxNzg2MjY1MDUyLCJwYXRoIjoicmVsZWFzZWFzc2V0cHJvZHVjdGlvbi5ibG9iLmNvcmUud2luZG93cy5uZXQifQ.TJTYxtodTxgjuy58GLI37-EUjreSDFXAHnQ7-tb1tRk&response-content-disposition=attachment%3B%20filename%3Dk3s-airgap-images-amd64.tar.gz&response-content-type=application%2Foctet-stream HTTP/1.1" 200 166804310
15:44:27,436 platform_stages.steps.install_system_packages INFO Successfully downloaded tools/k3s/k3s-airgap-images-amd64.tar.gz
15:44:27,438 platform_stages.steps.install_system_packages INFO Downloading https://raw.githubusercontent.com/k3s-io/k3s/refs/tags/v1.31.0+k3s1/install.sh to tools/k3s/install.sh...
15:44:27,439 urllib3.connectionpool DEBUG Starting new HTTPS connection (1): raw.githubusercontent.com:443
15:44:27,817 urllib3.connectionpool DEBUG https://raw.githubusercontent.com:443 "GET /k3s-io/k3s/refs/tags/v1.31.0+k3s1/install.sh HTTP/1.1" 200 10174
15:44:27,826 platform_stages.steps.install_system_packages INFO Successfully downloaded tools/k3s/install.sh
15:44:27,828 platform_stages.steps.install_system_packages INFO Downloading https://archive.ubuntu.com/ubuntu/pool/universe/p/pigz/pigz_2.4-1_amd64.deb to tools/Ubuntu/pigz_2.4-1_amd64.deb...
15:44:27,828 urllib3.connectionpool DEBUG Starting new HTTPS connection (1): archive.ubuntu.com:443
15:44:29,259 urllib3.connectionpool DEBUG https://archive.ubuntu.com:443 "GET /ubuntu/pool/universe/p/pigz/pigz_2.4-1_amd64.deb HTTP/1.1" 200 57448
15:44:29,732 platform_stages.steps.install_system_packages INFO Successfully downloaded tools/Ubuntu/pigz_2.4-1_amd64.deb
15:44:29,732 platform_stages.steps.install_system_packages INFO Downloading https://developer.download.nvidia.com/compute/cuda/repos/ubuntu2004/x86_64/nvidia-container-toolkit-base_1.17.8-1_amd64.deb to tools/Ubuntu/nvidia/nvidia-container-toolkit-base_1.17.8-1_amd64.deb...
15:44:29,733 urllib3.connectionpool DEBUG Starting new HTTPS connection (1): developer.download.nvidia.com:443
15:44:30,241 urllib3.connectionpool DEBUG https://developer.download.nvidia.com:443 "GET /compute/cuda/repos/ubuntu2004/x86_64/nvidia-container-toolkit-base_1.17.8-1_amd64.deb HTTP/1.1" 200 3796622
15:44:30,739 platform_stages.steps.install_system_packages INFO Successfully downloaded tools/Ubuntu/nvidia/nvidia-container-toolkit-base_1.17.8-1_amd64.deb
15:44:30,739 platform_stages.steps.install_system_packages INFO Downloading https://developer.download.nvidia.com/compute/cuda/repos/ubuntu2004/x86_64/nvidia-container-toolkit_1.17.8-1_amd64.deb to tools/Ubuntu/nvidia/nvidia-container-toolkit_1.17.8-1_amd64.deb...
15:44:30,740 urllib3.connectionpool DEBUG Starting new HTTPS connection (1): developer.download.nvidia.com:443
15:44:33,173 urllib3.connectionpool DEBUG https://developer.download.nvidia.com:443 "GET /compute/cuda/repos/ubuntu2004/x86_64/nvidia-container-toolkit_1.17.8-1_amd64.deb HTTP/1.1" 200 1190040
15:44:34,368 platform_stages.steps.install_system_packages INFO Successfully downloaded tools/Ubuntu/nvidia/nvidia-container-toolkit_1.17.8-1_amd64.deb
15:44:34,368 platform_stages.steps.install_system_packages INFO Downloading https://developer.download.nvidia.com/compute/cuda/repos/ubuntu2004/x86_64/libnvidia-container1_1.17.8-1_amd64.deb to tools/Ubuntu/nvidia/libnvidia-container1_1.17.8-1_amd64.deb...
15:44:34,369 urllib3.connectionpool DEBUG Starting new HTTPS connection (1): developer.download.nvidia.com:443
15:44:35,736 urllib3.connectionpool DEBUG https://developer.download.nvidia.com:443 "GET /compute/cuda/repos/ubuntu2004/x86_64/libnvidia-container1_1.17.8-1_amd64.deb HTTP/1.1" 200 925622
15:44:35,988 platform_stages.steps.install_system_packages INFO Successfully downloaded tools/Ubuntu/nvidia/libnvidia-container1_1.17.8-1_amd64.deb
15:44:35,989 platform_stages.steps.install_system_packages INFO Downloading https://developer.download.nvidia.com/compute/cuda/repos/ubuntu2004/x86_64/libnvidia-container-tools_1.17.8-1_amd64.deb to tools/Ubuntu/nvidia/libnvidia-container-tools_1.17.8-1_amd64.deb...
15:44:35,990 urllib3.connectionpool DEBUG Starting new HTTPS connection (1): developer.download.nvidia.com:443
15:44:36,551 urllib3.connectionpool DEBUG https://developer.download.nvidia.com:443 "GET /compute/cuda/repos/ubuntu2004/x86_64/libnvidia-container-tools_1.17.8-1_amd64.deb HTTP/1.1" 200 22136
15:44:36,557 platform_stages.steps.install_system_packages INFO Successfully downloaded tools/Ubuntu/nvidia/libnvidia-container-tools_1.17.8-1_amd64.deb
15:44:36,558 platform_stages.steps.install_system_packages INFO System packages downloaded.
15:44:36,558 platform_stages.steps.install_system_packages INFO Installing system packages...
(Reading database ... 44610 files and directories currently installed.)
Preparing to unpack .../Ubuntu/pigz_2.4-1_amd64.deb ...
Unpacking pigz (2.4-1) over (2.4-1) ...
Setting up pigz (2.4-1) ...
Processing triggers for man-db (2.12.0-4build2) ...
(Reading database ... 44610 files and directories currently installed.)
Preparing to unpack .../libnvidia-container-tools_1.17.8-1_amd64.deb ...
Unpacking libnvidia-container-tools (1.17.8-1) over (1.17.8-1) ...
Preparing to unpack .../libnvidia-container1_1.17.8-1_amd64.deb ...
Unpacking libnvidia-container1:amd64 (1.17.8-1) over (1.17.8-1) ...
Preparing to unpack .../nvidia-container-toolkit-base_1.17.8-1_amd64.deb ...
Unpacking nvidia-container-toolkit-base (1.17.8-1) over (1.17.8-1) ...
Preparing to unpack .../nvidia-container-toolkit_1.17.8-1_amd64.deb ...
Unpacking nvidia-container-toolkit (1.17.8-1) over (1.17.8-1) ...
Setting up libnvidia-container1:amd64 (1.17.8-1) ...
Setting up nvidia-container-toolkit-base (1.17.8-1) ...
Setting up libnvidia-container-tools (1.17.8-1) ...
Setting up nvidia-container-toolkit (1.17.8-1) ...
Processing triggers for libc-bin (2.39-0ubuntu8.8) ...
15:44:37,403 platform_stages.steps.install_system_packages INFO System packages installed.
15:44:37,403 commands.install INFO Installing k3s. Detailed logs can be found in: platform_logs/k3s_install.log.
15:44:39,809 checks.os DEBUG Checking OS version with `grep ^PRETTY /etc/os-release`
15:44:39,812 checks.os DEBUG Checking OS version with `grep ^PRETTY /etc/os-release`
15:44:39,813 k3s.install INFO envs for k3s installation: {'INSTALL_K3S_SKIP_DOWNLOAD': 'true', 'INSTALL_K3S_VERSION': 'v1.31.0+k3s1', 'INSTALL_K3S_EXEC': '--disable traefik --disable runtimes --service-node-port-range 30000-30050 --node-name=geti --kube-apiserver-arg=enable-admission-plugins=NodeRestriction,ServiceAccount --kube-apiserver-arg=request-timeout=5m0s --kube-apiserver-arg=audit-log-path=/var/lib/rancher/k3s/server/logs/audit.log --kube-apiserver-arg=tls-cipher-suites=TLS_ECDHE_ECDSA_WITH_AES_128_GCM_SHA256,TLS_ECDHE_RSA_WITH_AES_128_GCM_SHA256,TLS_ECDHE_ECDSA_WITH_CHACHA20_POLY1305,TLS_ECDHE_RSA_WITH_AES_256_GCM_SHA384,TLS_ECDHE_RSA_WITH_CHACHA20_POLY1305,TLS_ECDHE_ECDSA_WITH_AES_256_GCM_SHA384 --kube-apiserver-arg=audit-log-maxbackup=10 --kube-apiserver-arg=event-ttl=1h0m0s --kube-controller-manager-arg=terminated-pod-gc-threshold=1000 --kube-controller-manager-arg=leader-elect-lease-duration=30s --kube-controller-manager-arg=leader-elect-renew-deadline=20s --kube-controller-manager-arg=bind-address=127.0.0.1 --kube-scheduler-arg=bind-address=127.0.0.1 --kubelet-arg=streaming-connection-idle-timeout=5m --kubelet-arg=rotate-server-certificates=true --kubelet-arg=eviction-hard=imagefs.available<5Gi,memory.available<100Mi,nodefs.available<5Gi,nodefs.inodesFree<5% --kubelet-arg=eviction-minimum-reclaim=imagefs.available=1Gi,nodefs.available=1Gi --kubelet-arg=image-gc-low-threshold=0 '}
15:44:39,813 k3s.install DEBUG Running K3s installer with the configuration:
INSTALL_K3S_VERSION: v1.31.0+k3s1, INSTALL_K3S_EXEC: --disable traefik --disable runtimes --service-node-port-range 30000-30050 --node-name=geti --kube-apiserver-arg=enable-admission-plugins=NodeRestriction,ServiceAccount --kube-apiserver-arg=request-timeout=5m0s --kube-apiserver-arg=audit-log-path=/var/lib/rancher/k3s/server/logs/audit.log --kube-apiserver-arg=tls-cipher-suites=TLS_ECDHE_ECDSA_WITH_AES_128_GCM_SHA256,TLS_ECDHE_RSA_WITH_AES_128_GCM_SHA256,TLS_ECDHE_ECDSA_WITH_CHACHA20_POLY1305,TLS_ECDHE_RSA_WITH_AES_256_GCM_SHA384,TLS_ECDHE_RSA_WITH_CHACHA20_POLY1305,TLS_ECDHE_ECDSA_WITH_AES_256_GCM_SHA384 --kube-apiserver-arg=audit-log-maxbackup=10 --kube-apiserver-arg=event-ttl=1h0m0s --kube-controller-manager-arg=terminated-pod-gc-threshold=1000 --kube-controller-manager-arg=leader-elect-lease-duration=30s --kube-controller-manager-arg=leader-elect-renew-deadline=20s --kube-controller-manager-arg=bind-address=127.0.0.1 --kube-scheduler-arg=bind-address=127.0.0.1 --kubelet-arg=streaming-connection-idle-timeout=5m --kubelet-arg=rotate-server-certificates=true --kubelet-arg=eviction-hard=imagefs.available<5Gi,memory.available<100Mi,nodefs.available<5Gi,nodefs.inodesFree<5% --kubelet-arg=eviction-minimum-reclaim=imagefs.available=1Gi,nodefs.available=1Gi --kubelet-arg=image-gc-low-threshold=0 .
15:44:43,342 k3s.install DEBUG Checking if k3s node is already set up.
15:44:43,421 k3s.install DEBUG k3s node is not yet ready.
15:44:53,498 k3s.install DEBUG Config file: '/var/lib/rancher/k3s/agent/etc/containerd/config.toml.tmpl' not found, skipping.
15:44:53,498 k3s.install DEBUG Created a stub file /etc/rancher/k3s/impt_k3s to differentiate platform installer k3s installation.
15:44:53,498 k3s.install DEBUG Adjusting K3s kubeconfig server address.
15:44:53,499 k3s.detect_ip DEBUG Getting first public IPv4 machine's network interface address.
15:44:53,499 k3s.detect_ip DEBUG Getting first private IPv4 machine's network interface address.
15:44:53,499 k3s.install DEBUG Copied /etc/rancher/k3s/k3s.yaml to /etc/rancher/k3s/k3s-remote.yaml.
15:44:53,502 k3s.install DEBUG Server address in /etc/rancher/k3s/k3s-remote.yaml is set: 10.255.255.254.
15:44:53,504 k3s.install DEBUG Namespace in /etc/rancher/k3s/k3s-remote.yaml is set to: impt.
15:44:53,504 commands.install INFO k3s installed successfully. Path to admin kubeconfig: /etc/rancher/k3s/k3s.yaml
15:44:53,505 k3s.detect_ip DEBUG Getting first public IPv4 machine's network interface address.
15:44:53,505 k3s.detect_ip DEBUG Getting first private IPv4 machine's network interface address.
15:44:53,506 platform_stages.steps.create_platform_dir INFO Creating platform install path at '/tmp/impp-install'
15:44:53,507 platform_stages.steps.create_platform_dir INFO Platform path created.
15:44:53,507 platform_stages.steps.extract_registry_data INFO External registry used, skipping internal registry extract
15:44:53,516 platform_utils.helm INFO Generating Jinja template.
15:44:53,518 platform_utils.helm DEBUG Template: ---
#  INTEL CONFIDENTIAL
#
#  Copyright (C) 2022 Intel Corporation
#
#  This software and the related documents are Intel copyrighted materials, and your use of them is governed by
#  the express license under which they were provided to you ("License"). Unless the License provides otherwise,
#  you may not use, modify, copy, publish, distribute, disclose or transmit this software or the related documents
#  without Intel's prior written permission.
#
#  This software and the related documents are provided as is, with no express or implied warranties,
#  other than those that are expressly stated in the License.
# Copyright (c) 2019, NVIDIA CORPORATION.  All rights reserved.
#
# Licensed under the Apache License, Version 2.0 (the "License");
# you may not use this file except in compliance with the License.
# You may obtain a copy of the License at
#
#     http://www.apache.org/licenses/LICENSE-2.0
#
# Unless required by applicable law or agreed to in writing, software
# distributed under the License is distributed on an "AS IS" BASIS,
# WITHOUT WARRANTIES OR CONDITIONS OF ANY KIND, either express or implied.
# See the License for the specific language governing permissions and
# limitations under the License.
---
apiVersion: node.k8s.io/v1
kind: RuntimeClass
metadata:
  name: nvidia
handler: nvidia
---
apiVersion: v1
kind: ServiceAccount
metadata:
  name: "nvidia"
  namespace: kube-system
imagePullSecrets:
  - name: regcred
---
apiVersion: apps/v1
kind: DaemonSet
metadata:
  name: "nvidia-device-plugin-daemonset"
  namespace: kube-system
spec:
  selector:
    matchLabels:
      name: "nvidia-device-plugin-ds"
  updateStrategy:
    type: RollingUpdate
  template:
    metadata:
      labels:
        name: "nvidia-device-plugin-ds"
    spec:
      nodeSelector:
        nvidia.com/gpu: "true"
      tolerations:
        # This toleration is deprecated. Kept here for backward compatibility
        # See https://kubernetes.io/docs/tasks/administer-cluster/guaranteed-scheduling-critical-addon-pods/
        - key: CriticalAddonsOnly
          operator: Exists
        - key: nvidia.com/gpu
          operator: Exists
          effect: NoSchedule
      priorityClassName: system-node-critical
      runtimeClassName: nvidia
      serviceAccountName: nvidia
      containers:
        
        - image: nvcr.io/nvidia/k8s-device-plugin:v0.16.2-ubi8
        
          name: nvidia-device-plugin-ctr
          args: ["--fail-on-init-error=false","--device-list-strategy=volume-mounts"]
          env:
          securityContext:
            allowPrivilegeEscalation: true
            privileged: true
          resources:
            requests:
              cpu: 50m
              memory: 50Mi
            limits:
              memory: 50Mi
          volumeMounts:
            - name: device-plugin
              mountPath: /var/lib/kubelet/device-plugins
            - name: dev
              mountPath: /dev
      volumes:
        - name: device-plugin
          hostPath:
            path: /var/lib/kubelet/device-plugins
        - name: dev
          hostPath:
            path: /dev
15:44:53,518 platform_utils.helm INFO Generation of Jinja template succeeded.
15:44:53,518 platform_stages.steps.configure_gpu INFO Modifying nvidia container runtime configuration...
15:44:55,905 platform_stages.steps.configure_gpu INFO Nvidia container runtime configuration modified.
15:44:55,905 platform_stages.steps.configure_gpu INFO Labeling node 'geti' with labels: nvidia.com/gpu=true
15:44:55,912 platform_stages.steps.configure_gpu INFO Node labeled.
15:44:55,912 platform_stages.steps.configure_gpu INFO Installing device plugin: 'nvidia-device-plugin.yaml'
runtimeclass.node.k8s.io/nvidia created
serviceaccount/nvidia created
daemonset.apps/nvidia-device-plugin-daemonset created
15:44:56,19 platform_stages.steps.configure_gpu INFO Device plugin installed.
15:44:56,24 platform_utils.k8s INFO Creating namespace 'impt' with provided labels and annotations.
15:44:56,28 platform_utils.k8s INFO Namespace created.
15:44:56,29 platform_utils.k8s INFO Service account 'default' will have automount service account token disabled.
15:45:01,37 platform_utils.k8s INFO Service account 'default' will have automount service account token disabled.
15:45:01,41 platform_utils.k8s INFO Service account is patched.
15:45:01,45 platform_utils.k8s INFO Creating namespace 'opa-istio' with provided labels and annotations.
15:45:01,48 platform_utils.k8s INFO Namespace created.
15:45:01,48 platform_utils.k8s INFO Service account 'default' will have automount service account token disabled.
15:45:01,52 platform_utils.k8s INFO Service account is patched.
15:45:01,55 platform_utils.k8s INFO Creating namespace 'istio-system' with provided labels and annotations.
15:45:01,58 platform_utils.k8s INFO Namespace created.
15:45:01,58 platform_utils.k8s INFO Service account 'default' will have automount service account token disabled.
15:45:01,62 platform_utils.k8s INFO Service account is patched.
15:45:01,65 platform_utils.k8s INFO Creating namespace 'cert-manager' with provided labels and annotations.
15:45:01,68 platform_utils.k8s INFO Namespace created.
15:45:01,68 platform_utils.k8s INFO Service account 'default' will have automount service account token disabled.
15:45:01,72 platform_utils.k8s INFO Service account is patched.
15:45:01,75 platform_utils.k8s INFO Creating namespace 'flyte' with provided labels and annotations.
15:45:01,77 platform_utils.k8s INFO Namespace created.
15:45:01,78 platform_utils.k8s INFO Service account 'default' will have automount service account token disabled.
15:45:01,82 platform_utils.k8s INFO Service account is patched.
15:45:01,85 platform_utils.k8s INFO Creating namespace 'impt-jobs-production' with provided labels and annotations.
15:45:01,88 platform_utils.k8s INFO Namespace created.
15:45:01,89 platform_utils.k8s INFO Service account 'default' will have automount service account token disabled.
15:45:01,93 platform_utils.k8s INFO Service account is patched.
15:45:01,93 platform_utils.helm INFO Generating Jinja template.
15:45:01,94 platform_utils.helm DEBUG Template: 
15:45:01,94 platform_utils.helm INFO Generation of Jinja template succeeded.
15:45:01,94 platform_utils.helm INFO Pulling chart 'reloader', version '2.13.1-de29b7ba', to '/tmp/impp-install'
Pulled: localhost:5000/open-edge-platform/geti/helm/reloader:2.13.1-de29b7ba
Digest: sha256:ee69c8d93dd0195ecf60abe9ad8d571c509d5c7db5875522456de75cde348b71
15:45:01,136 platform_utils.k8s INFO For endpoint 'istiod' in namespace 'istio-system':
15:45:01,136 platform_utils.k8s INFO Check if ip is properly assigned.
15:45:01,140 platform_utils.k8s INFO For endpoint 'cert-manager-webhook' in namespace 'cert-manager':
15:45:01,141 platform_utils.k8s INFO Check if ip is properly assigned.
15:45:01,142 platform_utils.k8s INFO For endpoint 'admission-controller' in namespace 'opa-istio':
15:45:01,142 platform_utils.k8s INFO Check if ip is properly assigned.
15:45:01,143 platform_utils.helm INFO Installing chart 'reloader' from '/tmp/impp-install/reloader'.
15:45:01,143 platform_utils.helm DEBUG Invoked following command: 
./tools/helm upgrade -i reloader --namespace=impt /tmp/impp-install/reloader --history-max=3 --wait=true --timeout=10m --force --kubeconfig=/etc/rancher/k3s/k3s.yaml --wait-for-jobs --version=2.13.1-de29b7ba --values=/tmp/impp-install/reloader-values.yaml
Release "reloader" does not exist. Installing it now.
NAME: reloader
LAST DEPLOYED: Sun Aug  9 15:45:01 2026
NAMESPACE: impt
STATUS: deployed
REVISION: 1
TEST SUITE: None
NOTES:
- For a `Deployment` called `foo` have a `ConfigMap` called `foo-configmap`. Then add this annotation to main metadata of your `Deployment`
  configmap.reloader.stakater.com/reload: "foo-configmap"

- For a `Deployment` called `foo` have a `Secret` called `foo-secret`. Then add this annotation to main metadata of your `Deployment`
  secret.reloader.stakater.com/reload: "foo-secret"

- After successful installation, your pods will get rolling updates when a change in data of configmap or secret will happen.
15:45:39,265 platform_utils.helm INFO Pulling chart 'kubelet-csr-approver', version '2.13.1-de29b7ba', to '/tmp/impp-install'
Pulled: localhost:5000/open-edge-platform/geti/helm/kubelet-csr-approver:2.13.1-de29b7ba
Digest: sha256:89175a64c9dcc6b6a877e0ff1a499057df2420e0c526a79ac3a9f041a16e1776
15:45:39,293 platform_utils.k8s INFO For endpoint 'istiod' in namespace 'istio-system':
15:45:39,293 platform_utils.k8s INFO Check if ip is properly assigned.
15:45:39,296 platform_utils.k8s INFO For endpoint 'cert-manager-webhook' in namespace 'cert-manager':
15:45:39,296 platform_utils.k8s INFO Check if ip is properly assigned.
15:45:39,298 platform_utils.k8s INFO For endpoint 'admission-controller' in namespace 'opa-istio':
15:45:39,298 platform_utils.k8s INFO Check if ip is properly assigned.
15:45:39,299 platform_utils.helm INFO Installing chart 'kubelet-csr-approver' from '/tmp/impp-install/kubelet-csr-approver'.
15:45:39,299 platform_utils.helm DEBUG Invoked following command: 
./tools/helm upgrade -i kubelet-csr-approver --namespace=kube-system /tmp/impp-install/kubelet-csr-approver --history-max=3 --wait=true --timeout=10m --force --kubeconfig=/etc/rancher/k3s/k3s.yaml --wait-for-jobs --version=2.13.1-de29b7ba
Release "kubelet-csr-approver" does not exist. Installing it now.
NAME: kubelet-csr-approver
LAST DEPLOYED: Sun Aug  9 15:45:39 2026
NAMESPACE: kube-system
STATUS: deployed
REVISION: 1
15:45:49,400 platform_utils.helm INFO Pulling chart 'pv-creation', version '2.13.1-de29b7ba', to '/tmp/impp-install'
Pulled: localhost:5000/open-edge-platform/geti/helm/pv-creation:2.13.1-de29b7ba
Digest: sha256:3d34af218467d7bc67783bc0cc2a575263debddcf7d85df9eca69c99f50f24e9
15:45:49,429 platform_utils.k8s INFO For endpoint 'istiod' in namespace 'istio-system':
15:45:49,429 platform_utils.k8s INFO Check if ip is properly assigned.
15:45:49,433 platform_utils.k8s INFO For endpoint 'cert-manager-webhook' in namespace 'cert-manager':
15:45:49,433 platform_utils.k8s INFO Check if ip is properly assigned.
15:45:49,435 platform_utils.k8s INFO For endpoint 'admission-controller' in namespace 'opa-istio':
15:45:49,435 platform_utils.k8s INFO Check if ip is properly assigned.
15:45:49,436 platform_utils.helm INFO Installing chart 'pv' from '/tmp/impp-install/pv-creation'.
15:45:49,436 platform_utils.helm DEBUG Invoked following command: 
./tools/helm upgrade -i pv --namespace=impt /tmp/impp-install/pv-creation --history-max=3 --wait=true --timeout=10m --force --kubeconfig=/etc/rancher/k3s/k3s.yaml --wait-for-jobs --version=2.13.1-de29b7ba --set=dataStoragePath=/data
Release "pv" does not exist. Installing it now.
NAME: pv
LAST DEPLOYED: Sun Aug  9 15:45:49 2026
NAMESPACE: impt
STATUS: deployed
REVISION: 1
TEST SUITE: None
15:45:59,543 platform_stages.steps.deploy_crds INFO Deploying chart: cert-manager-crds from /tmp/impp-install/crds/charts/cert-manager-crds
15:45:59,543 platform_utils.helm INFO Pulling chart 'cert-manager-crds', version '2.13.1-de29b7ba', to '/tmp/impp-install/crds/charts'
Pulled: localhost:5000/open-edge-platform/geti/helm/cert-manager-crds:2.13.1-de29b7ba
Digest: sha256:b1f153b804100db0828886f63081b6406f51b4be67ec90f07d2d644ded2463a3
15:45:59,575 platform_utils.k8s INFO For endpoint 'istiod' in namespace 'istio-system':
15:45:59,575 platform_utils.k8s INFO Check if ip is properly assigned.
15:45:59,579 platform_utils.k8s INFO For endpoint 'cert-manager-webhook' in namespace 'cert-manager':
15:45:59,579 platform_utils.k8s INFO Check if ip is properly assigned.
15:45:59,580 platform_utils.k8s INFO For endpoint 'admission-controller' in namespace 'opa-istio':
15:45:59,580 platform_utils.k8s INFO Check if ip is properly assigned.
15:45:59,581 platform_utils.helm INFO Installing chart 'cert-manager-crds' from '/tmp/impp-install/crds/charts/cert-manager-crds'.
15:45:59,581 platform_utils.helm DEBUG Invoked following command: 
./tools/helm upgrade -i cert-manager-crds --namespace=impt /tmp/impp-install/crds/charts/cert-manager-crds --history-max=3 --wait=true --timeout=10m --force --kubeconfig=/etc/rancher/k3s/k3s.yaml --wait-for-jobs --version=2.13.1-de29b7ba
Release "cert-manager-crds" does not exist. Installing it now.
NAME: cert-manager-crds
LAST DEPLOYED: Sun Aug  9 15:45:59 2026
NAMESPACE: impt
STATUS: deployed
REVISION: 1
TEST SUITE: None
15:46:01,812 platform_stages.steps.deploy_crds INFO Successfully deployed chart: cert-manager-crds from /tmp/impp-install/crds/charts/cert-manager-crds
15:46:01,812 platform_stages.steps.deploy_crds INFO Deploying chart: flyte-crds from /tmp/impp-install/crds/charts/flyte-crds
15:46:01,813 platform_utils.helm INFO Pulling chart 'flyte-crds', version '2.13.1-de29b7ba', to '/tmp/impp-install/crds/charts'
Pulled: localhost:5000/open-edge-platform/geti/helm/flyte-crds:2.13.1-de29b7ba
Digest: sha256:ad8ca1b8510349b1e719c43a6e4673c9b26cf47b06f4cee95cc562a62ec06f90
15:46:01,847 platform_utils.k8s INFO For endpoint 'istiod' in namespace 'istio-system':
15:46:01,847 platform_utils.k8s INFO Check if ip is properly assigned.
15:46:01,851 platform_utils.k8s INFO For endpoint 'cert-manager-webhook' in namespace 'cert-manager':
15:46:01,851 platform_utils.k8s INFO Check if ip is properly assigned.
15:46:01,852 platform_utils.k8s INFO For endpoint 'admission-controller' in namespace 'opa-istio':
15:46:01,852 platform_utils.k8s INFO Check if ip is properly assigned.
15:46:01,853 platform_utils.helm INFO Installing chart 'flyte-crds' from '/tmp/impp-install/crds/charts/flyte-crds'.
15:46:01,853 platform_utils.helm DEBUG Invoked following command: 
./tools/helm upgrade -i flyte-crds --namespace=impt /tmp/impp-install/crds/charts/flyte-crds --history-max=3 --wait=true --timeout=10m --force --kubeconfig=/etc/rancher/k3s/k3s.yaml --wait-for-jobs --version=2.13.1-de29b7ba
Release "flyte-crds" does not exist. Installing it now.
NAME: flyte-crds
LAST DEPLOYED: Sun Aug  9 15:46:01 2026
NAMESPACE: impt
STATUS: deployed
REVISION: 1
TEST SUITE: None
15:46:03,922 platform_stages.steps.deploy_crds INFO Successfully deployed chart: flyte-crds from /tmp/impp-install/crds/charts/flyte-crds
15:46:03,922 platform_stages.steps.deploy_crds INFO Deploying chart: modelmesh-serving-crds from /tmp/impp-install/crds/charts/modelmesh-serving-crds
15:46:03,922 platform_utils.helm INFO Pulling chart 'modelmesh-serving-crds', version '2.13.1-de29b7ba', to '/tmp/impp-install/crds/charts'
Pulled: localhost:5000/open-edge-platform/geti/helm/modelmesh-serving-crds:2.13.1-de29b7ba
Digest: sha256:3658da5b607b69f309b60255eb9ff557dc2a3afec415a8b38417ab635c15f343
15:46:03,954 platform_utils.k8s INFO For endpoint 'istiod' in namespace 'istio-system':
15:46:03,954 platform_utils.k8s INFO Check if ip is properly assigned.
15:46:03,958 platform_utils.k8s INFO For endpoint 'cert-manager-webhook' in namespace 'cert-manager':
15:46:03,958 platform_utils.k8s INFO Check if ip is properly assigned.
15:46:03,959 platform_utils.k8s INFO For endpoint 'admission-controller' in namespace 'opa-istio':
15:46:03,959 platform_utils.k8s INFO Check if ip is properly assigned.
15:46:03,960 platform_utils.helm INFO Installing chart 'modelmesh-serving-crds' from '/tmp/impp-install/crds/charts/modelmesh-serving-crds'.
15:46:03,960 platform_utils.helm DEBUG Invoked following command: 
./tools/helm upgrade -i modelmesh-serving-crds --namespace=impt /tmp/impp-install/crds/charts/modelmesh-serving-crds --history-max=3 --wait=true --timeout=10m --force --kubeconfig=/etc/rancher/k3s/k3s.yaml --wait-for-jobs --version=2.13.1-de29b7ba
Release "modelmesh-serving-crds" does not exist. Installing it now.
NAME: modelmesh-serving-crds
LAST DEPLOYED: Sun Aug  9 15:46:04 2026
NAMESPACE: impt
STATUS: deployed
REVISION: 1
TEST SUITE: None
15:46:06,396 platform_stages.steps.deploy_crds INFO Successfully deployed chart: modelmesh-serving-crds from /tmp/impp-install/crds/charts/modelmesh-serving-crds
15:46:06,396 platform_stages.steps.deploy_crds INFO Deploying chart: istio-crds from /tmp/impp-install/crds/charts/istio-crds
15:46:06,396 platform_utils.helm INFO Pulling chart 'istio-crds', version '2.13.1-de29b7ba', to '/tmp/impp-install/crds/charts'
Pulled: localhost:5000/open-edge-platform/geti/helm/istio-crds:2.13.1-de29b7ba
Digest: sha256:3117bf8809a46c995ba3526d05c966bb5216df4e3b0f6296dc3f80ee7a682e2d
15:46:06,426 platform_utils.k8s INFO For endpoint 'istiod' in namespace 'istio-system':
15:46:06,426 platform_utils.k8s INFO Check if ip is properly assigned.
15:46:06,430 platform_utils.k8s INFO For endpoint 'cert-manager-webhook' in namespace 'cert-manager':
15:46:06,430 platform_utils.k8s INFO Check if ip is properly assigned.
15:46:06,431 platform_utils.k8s INFO For endpoint 'admission-controller' in namespace 'opa-istio':
15:46:06,431 platform_utils.k8s INFO Check if ip is properly assigned.
15:46:06,432 platform_utils.helm INFO Installing chart 'istio-crds' from '/tmp/impp-install/crds/charts/istio-crds'.
15:46:06,432 platform_utils.helm DEBUG Invoked following command: 
./tools/helm upgrade -i istio-crds --namespace=impt /tmp/impp-install/crds/charts/istio-crds --history-max=3 --wait=true --timeout=10m --force --kubeconfig=/etc/rancher/k3s/k3s.yaml --wait-for-jobs --version=2.13.1-de29b7ba
Release "istio-crds" does not exist. Installing it now.
NAME: istio-crds
LAST DEPLOYED: Sun Aug  9 15:46:06 2026
NAMESPACE: impt
STATUS: deployed
REVISION: 1
TEST SUITE: None
15:46:08,935 platform_stages.steps.deploy_crds INFO Successfully deployed chart: istio-crds from /tmp/impp-install/crds/charts/istio-crds
15:46:08,935 platform_utils.helm INFO Generating Jinja template.
15:46:08,936 platform_utils.helm DEBUG Template: ---
# Copyright (C) 2022-2025 Intel Corporation
# LIMITED EDGE SOFTWARE DISTRIBUTION LICENSE


15:46:08,937 platform_utils.helm INFO Generation of Jinja template succeeded.
15:46:08,938 platform_utils.helm INFO Pulling chart 'cert-manager', version '2.13.1-de29b7ba', to '/tmp/impp-install'
Pulled: localhost:5000/open-edge-platform/geti/helm/cert-manager:2.13.1-de29b7ba
Digest: sha256:42a24388683dede89555d765276107ad18ae625e02bfda3fb1929137ffea566d
15:46:08,977 platform_utils.k8s INFO For endpoint 'istiod' in namespace 'istio-system':
15:46:08,977 platform_utils.k8s INFO Check if ip is properly assigned.
15:46:08,981 platform_utils.k8s INFO For endpoint 'cert-manager-webhook' in namespace 'cert-manager':
15:46:08,981 platform_utils.k8s INFO Check if ip is properly assigned.
15:46:08,982 platform_utils.k8s INFO For endpoint 'admission-controller' in namespace 'opa-istio':
15:46:08,982 platform_utils.k8s INFO Check if ip is properly assigned.
15:46:08,983 platform_utils.helm INFO Installing chart 'cert-manager' from '/tmp/impp-install/cert-manager'.
15:46:08,983 platform_utils.helm DEBUG Invoked following command: 
./tools/helm upgrade -i cert-manager --namespace=cert-manager /tmp/impp-install/cert-manager --history-max=3 --wait=true --timeout=10m --force --kubeconfig=/etc/rancher/k3s/k3s.yaml --wait-for-jobs --version=2.13.1-de29b7ba --values=/tmp/impp-install/cert-manager-values.yaml
Release "cert-manager" does not exist. Installing it now.
NAME: cert-manager
LAST DEPLOYED: Sun Aug  9 15:46:09 2026
NAMESPACE: cert-manager
STATUS: deployed
REVISION: 1
TEST SUITE: None
NOTES:
cert-manager v1.14.7 has been deployed successfully!

In order to begin issuing certificates, you will need to set up a ClusterIssuer
or Issuer resource (for example, by creating a 'letsencrypt-staging' issuer).

More information on the different types of issuers and how to configure them
can be found in our documentation:

https://cert-manager.io/docs/configuration/

For information on how to configure cert-manager to automatically provision
Certificates for Ingress resources, take a look at the `ingress-shim`
documentation:

https://cert-manager.io/docs/usage/ingress/
15:46:31,395 platform_utils.k8s INFO Get secret 'ca-cert' from namespace 'cert-manager'.
15:46:36,402 platform_utils.k8s INFO Get secret 'ca-cert' from namespace 'cert-manager'.
15:46:36,407 platform_utils.k8s INFO Secret is retrieved.
15:46:36,407 platform_utils.helm INFO Generating Jinja template.
15:46:36,408 platform_utils.helm DEBUG Template: ---
#  INTEL CONFIDENTIAL
#
#  Copyright (C) 2024 Intel Corporation
#
#  This software and the related documents are Intel copyrighted materials, and your use of them is governed by
#  the express license under which they were provided to you ("License"). Unless the License provides otherwise,
#  you may not use, modify, copy, publish, distribute, disclose or transmit this software or the related documents
#  without Intel's prior written permission.
#
#  This software and the related documents are provided as is, with no express or implied warranties,
#  other than those that are expressly stated in the License.


15:46:36,408 platform_utils.helm INFO Generation of Jinja template succeeded.
15:46:36,408 platform_utils.helm INFO Pulling chart 'cert-manager-istio-csr', version '2.13.1-de29b7ba', to '/tmp/impp-install'
Pulled: localhost:5000/open-edge-platform/geti/helm/cert-manager-istio-csr:2.13.1-de29b7ba
Digest: sha256:75dffd61da8584b9159ca91c3466bc30a3faff332f7eec3740a37ed5e911e5a7
15:46:36,437 platform_utils.k8s INFO For endpoint 'istiod' in namespace 'istio-system':
15:46:36,437 platform_utils.k8s INFO Check if ip is properly assigned.
15:46:36,441 platform_utils.k8s INFO For endpoint 'cert-manager-webhook' in namespace 'cert-manager':
15:46:36,441 platform_utils.k8s INFO Check if ip is properly assigned.
15:46:36,443 platform_utils.k8s DEBUG Is endpoint ready: True
15:46:36,443 platform_utils.k8s INFO For endpoint 'admission-controller' in namespace 'opa-istio':
15:46:36,443 platform_utils.k8s INFO Check if ip is properly assigned.
15:46:36,444 platform_utils.helm INFO Installing chart 'cert-manager-istio-csr' from '/tmp/impp-install/cert-manager-istio-csr'.
15:46:36,444 platform_utils.helm DEBUG Invoked following command: 
./tools/helm upgrade -i cert-manager-istio-csr --namespace=cert-manager /tmp/impp-install/cert-manager-istio-csr --history-max=3 --wait=true --timeout=10m --force --kubeconfig=/etc/rancher/k3s/k3s.yaml --wait-for-jobs --version=2.13.1-de29b7ba --values=/tmp/impp-install/cert-manager-istio-csr-values.yaml
Release "cert-manager-istio-csr" does not exist. Installing it now.
NAME: cert-manager-istio-csr
LAST DEPLOYED: Sun Aug  9 15:46:36 2026
NAMESPACE: cert-manager
STATUS: deployed
REVISION: 1
TEST SUITE: None
15:46:58,614 platform_stages.steps.deploy_internal_registry INFO External registry used, skipping internal registry deploy
15:46:58,615 platform_utils.helm INFO Pulling chart 'istio-base', version '2.13.1-de29b7ba', to '/tmp/impp-install/istio'
Pulled: localhost:5000/open-edge-platform/geti/helm/istio-base:2.13.1-de29b7ba
Digest: sha256:22cb356d87ffb2193eea9096da06780be448617c9db22cf087a0ddbef5b67cdb
15:46:58,647 platform_utils.k8s INFO For endpoint 'istiod' in namespace 'istio-system':
15:46:58,647 platform_utils.k8s INFO Check if ip is properly assigned.
15:46:58,651 platform_utils.k8s INFO For endpoint 'cert-manager-webhook' in namespace 'cert-manager':
15:46:58,651 platform_utils.k8s INFO Check if ip is properly assigned.
15:46:58,653 platform_utils.k8s DEBUG Is endpoint ready: True
15:46:58,653 platform_utils.k8s INFO For endpoint 'admission-controller' in namespace 'opa-istio':
15:46:58,653 platform_utils.k8s INFO Check if ip is properly assigned.
15:46:58,654 platform_utils.helm INFO Installing chart 'istio-base' from '/tmp/impp-install/istio/istio-base'.
15:46:58,654 platform_utils.helm DEBUG Invoked following command: 
./tools/helm upgrade -i istio-base --namespace=istio-system /tmp/impp-install/istio/istio-base --history-max=3 --wait=true --timeout=10m --force --kubeconfig=/etc/rancher/k3s/k3s.yaml --wait-for-jobs --version=2.13.1-de29b7ba
Release "istio-base" does not exist. Installing it now.
NAME: istio-base
LAST DEPLOYED: Sun Aug  9 15:46:58 2026
NAMESPACE: istio-system
STATUS: deployed
REVISION: 1
TEST SUITE: None
NOTES:
Istio base successfully installed!

To learn more about the release, try:
  $ helm status istio-base -n istio-system
  $ helm get all istio-base -n istio-system
15:46:58,749 platform_utils.helm INFO Generating Jinja template.
15:46:58,749 platform_utils.helm DEBUG Template: ---
#  INTEL CONFIDENTIAL
#
#  Copyright (C) 2024 Intel Corporation
#
#  This software and the related documents are Intel copyrighted materials, and your use of them is governed by
#  the express license under which they were provided to you ("License"). Unless the License provides otherwise,
#  you may not use, modify, copy, publish, distribute, disclose or transmit this software or the related documents
#  without Intel's prior written permission.
#
#  This software and the related documents are provided as is, with no express or implied warranties,
#  other than those that are expressly stated in the License.

global:
  
  proxy:
    excludeIPRanges: "10.43.0.1/32"
15:46:58,750 platform_utils.helm INFO Generation of Jinja template succeeded.
15:46:58,750 platform_utils.helm INFO Pulling chart 'istio-istiod', version '2.13.1-de29b7ba', to '/tmp/impp-install/istio'
Pulled: localhost:5000/open-edge-platform/geti/helm/istio-istiod:2.13.1-de29b7ba
Digest: sha256:a9105605bc110617cf762e52ff5d90ba6de8d2348020f21fc8b59941bfdcac74
15:46:58,784 platform_utils.helm INFO Installing chart 'istio-istiod' from '/tmp/impp-install/istio/istio-istiod'.
15:46:58,784 platform_utils.helm DEBUG Invoked following command: 
./tools/helm upgrade -i istio-istiod --namespace=istio-system /tmp/impp-install/istio/istio-istiod --history-max=8 --wait=true --timeout=10m --force --kubeconfig=/etc/rancher/k3s/k3s.yaml --wait-for-jobs --version=2.13.1-de29b7ba --values=/tmp/impp-install/istio-istiod-values.yaml
Release "istio-istiod" does not exist. Installing it now.
NAME: istio-istiod
LAST DEPLOYED: Sun Aug  9 15:46:58 2026
NAMESPACE: istio-system
STATUS: deployed
REVISION: 1
TEST SUITE: None
NOTES:
"istiod" successfully installed!

To learn more about the release, try:
  $ helm status istio-istiod -n istio-system
  $ helm get all istio-istiod -n istio-system

Next steps:
  * Deploy a Gateway: https://istio.io/latest/docs/setup/additional-setup/gateway/
  * Try out our tasks to get started on common configurations:
    * https://istio.io/latest/docs/tasks/traffic-management
    * https://istio.io/latest/docs/tasks/security/
    * https://istio.io/latest/docs/tasks/policy-enforcement/
  * Review the list of actively supported releases, CVE publications and our hardening guide:
    * https://istio.io/latest/docs/releases/supported-releases/
    * https://istio.io/latest/news/security/
    * https://istio.io/latest/docs/ops/best-practices/security/

For further documentation see https://istio.io website
15:47:15,99 platform_utils.helm INFO Generating Jinja template.
15:47:15,101 platform_utils.helm DEBUG Template: ---
#  INTEL CONFIDENTIAL
#
#  Copyright (C) 2024 Intel Corporation
#
#  This software and the related documents are Intel copyrighted materials, and your use of them is governed by
#  the express license under which they were provided to you ("License"). Unless the License provides otherwise,
#  you may not use, modify, copy, publish, distribute, disclose or transmit this software or the related documents
#  without Intel's prior written permission.
#
#  This software and the related documents are provided as is, with no express or implied warranties,
#  other than those that are expressly stated in the License.

env:
  WASM_INSECURE_REGISTRIES: "localhost:5000"

global:
  registry_address: "localhost:5000"

api_gateway:
  feature_flags_data:
      FEATURE_FLAG_ACC_SVC_MOD: 'false'
      FEATURE_FLAG_ALLOW_EXTERNAL_KEY_PROJECT_IMPORT: 'true'
      FEATURE_FLAG_AMBIENT_MESH: 'false'
      FEATURE_FLAG_ANALYTICS_WORKFLOW_ID: 'true'
      FEATURE_FLAG_ANNOTATION_HOLE: 'true'
      FEATURE_FLAG_ANOMALY_REDUCTION: 'true'
      FEATURE_FLAG_ASYNCHRONOUS_MEDIA_PREPROCESSING: 'true'
      FEATURE_FLAG_CAMERA_VIDEO_UPLOAD: 'false'
      FEATURE_FLAG_CLASSIFICATION_RANGES: 'true'
      FEATURE_FLAG_CREDIT_SYSTEM: 'false'
      FEATURE_FLAG_DECORD_VIDEO_DECODER: 'false'
      FEATURE_FLAG_FP16_INFERENCE: 'true'
      FEATURE_FLAG_KEYPOINT_DETECTION: 'true'
      FEATURE_FLAG_KEYPOINT_DETECTION_DATASET_IE: 'true'
      FEATURE_FLAG_LABELS_REORDERING: 'true'
      FEATURE_FLAG_MAINTENANCE_BANNER: 'false'
      FEATURE_FLAG_MANAGE_USERS: 'false'
      FEATURE_FLAG_MANAGE_USERS_ROLES: 'true'
      FEATURE_FLAG_MIGRATE_VFR_TO_CFR_VIDEOS: 'false'
      FEATURE_FLAG_OBJECT_STORAGE_OP: 'true'
      FEATURE_FLAG_OFFLINE_INSTALLATION: 'true'
      FEATURE_FLAG_OIDC_CIDAAS: 'false'
      FEATURE_FLAG_ORG_QUOTAS: 'false'
      FEATURE_FLAG_OTX_VERSION_SELECTION: 'true'
      FEATURE_FLAG_REQ_ACCESS: 'false'
      FEATURE_FLAG_RETAIN_TRAINING_ARTIFACTS: 'false'
      FEATURE_FLAG_SAAS_REQUIRE_INVITATION_LINK: 'true'
      FEATURE_FLAG_STORAGE_SIZE_COMPUTATION: 'true'
      FEATURE_FLAG_SUPPORT_CORS: 'false'
      FEATURE_FLAG_TELEMETRY_STACK: 'false'
      FEATURE_FLAG_USER_ONBOARDING: 'false'
      FEATURE_FLAG_VISUAL_PROMPT_SERVICE: 'true'
      FEATURE_FLAG_WORKSPACE_ACTIONS: 'true'


auth_proxy:
  enabled: true

tls:
  key_file: ""
  cert_file: ""


istio_gateway_name: "istio-gateway"
istio_ingress_namespace: "istio-system"

15:47:15,101 platform_utils.helm INFO Generation of Jinja template succeeded.
15:47:15,101 platform_utils.helm INFO Pulling chart 'istio-gateway', version '2.13.1-de29b7ba', to '/tmp/impp-install/istio'
Pulled: localhost:5000/open-edge-platform/geti/helm/istio-gateway:2.13.1-de29b7ba
Digest: sha256:d2f8cad3b288335bda6c6c6655e3911cacad81cd866e9c02e5b193d1a691bdbf
15:47:15,136 platform_utils.helm INFO Installing chart 'istio-gateway' from '/tmp/impp-install/istio/istio-gateway'.
15:47:15,136 platform_utils.helm DEBUG Invoked following command: 
./tools/helm upgrade -i istio-gateway --namespace=istio-system /tmp/impp-install/istio/istio-gateway --history-max=8 --wait=true --timeout=10m --force --kubeconfig=/etc/rancher/k3s/k3s.yaml --wait-for-jobs --version=2.13.1-de29b7ba --values=/tmp/impp-install/istio-gateway-values.yaml
Release "istio-gateway" does not exist. Installing it now.
W0809 15:47:15.443126  184592 warnings.go:70] EnvoyFilter exposes internal implementation details that may change at any time. Prefer other APIs if possible, and exercise extreme caution, especially around upgrades.
W0809 15:47:15.443987  184592 warnings.go:70] EnvoyFilter exposes internal implementation details that may change at any time. Prefer other APIs if possible, and exercise extreme caution, especially around upgrades.
W0809 15:47:15.446537  184592 warnings.go:70] EnvoyFilter exposes internal implementation details that may change at any time. Prefer other APIs if possible, and exercise extreme caution, especially around upgrades.
W0809 15:47:15.446559  184592 warnings.go:70] EnvoyFilter exposes internal implementation details that may change at any time. Prefer other APIs if possible, and exercise extreme caution, especially around upgrades.
W0809 15:47:15.446974  184592 warnings.go:70] EnvoyFilter exposes internal implementation details that may change at any time. Prefer other APIs if possible, and exercise extreme caution, especially around upgrades.
W0809 15:47:15.448257  184592 warnings.go:70] EnvoyFilter exposes internal implementation details that may change at any time. Prefer other APIs if possible, and exercise extreme caution, especially around upgrades.
W0809 15:47:15.448340  184592 warnings.go:70] EnvoyFilter exposes internal implementation details that may change at any time. Prefer other APIs if possible, and exercise extreme caution, especially around upgrades.
W0809 15:47:15.448831  184592 warnings.go:70] EnvoyFilter exposes internal implementation details that may change at any time. Prefer other APIs if possible, and exercise extreme caution, especially around upgrades.
W0809 15:47:15.452345  184592 warnings.go:70] EnvoyFilter exposes internal implementation details that may change at any time. Prefer other APIs if possible, and exercise extreme caution, especially around upgrades.
NAME: istio-gateway
LAST DEPLOYED: Sun Aug  9 15:47:15 2026
NAMESPACE: istio-system
STATUS: deployed
REVISION: 1
TEST SUITE: None
NOTES:
"istio-gateway" successfully installed!

To learn more about the release, try:
  $ helm status istio-gateway
  $ helm get all istio-gateway

Next steps:
  * Deploy an HTTP Gateway: https://istio.io/latest/docs/tasks/traffic-management/ingress/ingress-control/
  * Deploy an HTTPS Gateway: https://istio.io/latest/docs/tasks/traffic-management/ingress/secure-ingress/
15:47:31,485 platform_utils.helm INFO Generating Jinja template.
15:47:31,488 platform_utils.helm DEBUG Template: ---
#  INTEL CONFIDENTIAL
#
#  Copyright (C) 2023 Intel Corporation
#
#  This software and the related documents are Intel copyrighted materials, and your use of them is governed by
#  the express license under which they were provided to you ("License"). Unless the License provides otherwise,
#  you may not use, modify, copy, publish, distribute, disclose or transmit this software or the related documents
#  without Intel's prior written permission.
#
#  This software and the related documents are provided as is, with no express or implied warranties,
#  other than those that are expressly stated in the License.

global:
  registry_address: localhost:5000
  docker_namespace: open-edge-platform/geti
  tag: 2.13.1-de29b7ba



opa_config:
  oci:
    name: impt-internal-registry
    url: "http://:5000"
  bundles:
    oci:
      resource: "/open-edge-platform/geti/opa-bundle"
15:47:31,488 platform_utils.helm INFO Generation of Jinja template succeeded.
15:47:31,488 platform_utils.helm INFO Pulling chart 'opa', version '2.13.1-de29b7ba', to '/tmp/impp-install'
Pulled: localhost:5000/open-edge-platform/geti/helm/opa:2.13.1-de29b7ba
Digest: sha256:094df74a7d69c533509d4045510a587dc20caf8861772330a66e1162d7e427ac
15:47:31,519 platform_utils.k8s INFO For endpoint 'istiod' in namespace 'istio-system':
15:47:31,519 platform_utils.k8s INFO Check if ip is properly assigned.
15:47:31,523 platform_utils.k8s DEBUG Is endpoint ready: True
15:47:31,523 platform_utils.k8s INFO For endpoint 'cert-manager-webhook' in namespace 'cert-manager':
15:47:31,523 platform_utils.k8s INFO Check if ip is properly assigned.
15:47:31,525 platform_utils.k8s DEBUG Is endpoint ready: True
15:47:31,525 platform_utils.k8s INFO For endpoint 'admission-controller' in namespace 'opa-istio':
15:47:31,525 platform_utils.k8s INFO Check if ip is properly assigned.
15:47:31,526 platform_utils.helm INFO Installing chart 'opa' from '/tmp/impp-install/opa'.
15:47:31,526 platform_utils.helm DEBUG Invoked following command: 
./tools/helm upgrade -i opa --namespace=opa-istio /tmp/impp-install/opa --history-max=3 --wait=true --timeout=30m --force --kubeconfig=/etc/rancher/k3s/k3s.yaml --wait-for-jobs --version=2.13.1-de29b7ba --values=/tmp/impp-install/opa-values.yaml
Release "opa" does not exist. Installing it now.
W0809 15:47:31.676780  185330 warnings.go:70] EnvoyFilter exposes internal implementation details that may change at any time. Prefer other APIs if possible, and exercise extreme caution, especially around upgrades.
NAME: opa
LAST DEPLOYED: Sun Aug  9 15:47:31 2026
NAMESPACE: opa-istio
STATUS: deployed
REVISION: 1
TEST SUITE: None
15:47:47,693 platform_utils.helm INFO Generating Jinja template.
15:47:47,695 platform_utils.helm DEBUG Template: global:
  registry_address: localhost:5000
  docker_namespace: open-edge-platform/geti
  enable_local_image_pull_secret: true
  istio_ambient_mesh: False

  istio_gateway_name: "istio-gateway"
  istio_ingress_namespace: "istio-system"

  security_headers: |
    X-Frame-Options: "DENY"
    Content-Security-Policy: "frame-ancestors 'none'; default-src 'self'; connect-src 'self' data: https://consumerdev.intel.com/ https://login.microsoftonline.com/; style-src 'self' 'unsafe-inline'; script-src 'self' 'unsafe-eval' blob:; img-src 'self' data:; frame-src 'none'; object-src 'none'; form-action 'self'; worker-src 'self' blob:"
    cross-origin-embedder-policy: require-corp
    cross-origin-opener-policy: same-origin
    X-Content-Type-Options: "nosniff"
  stripped_headers: |
    - "X-Envoy-Decorator-Operation"
  weights_url: "https://storage.geti.intel.com/weights"
  proxy:
    enabled: True
    http_proxy: "http://proxy-dmz.intel.com:911"
    https_proxy: "http://proxy-dmz.intel.com:912"
    no_proxy: "host.docker.internal,intel.com,.intel.com,10.0.0.0/8,192.168.0.0/16,localhost,.local,127.0.0.0/8,172.16.0.0/12,134.134.0.0/16"

15:47:47,695 platform_utils.helm INFO Generation of Jinja template succeeded.
15:47:47,695 platform_utils.helm INFO Pulling chart 'seaweed-fs', version '2.13.1-de29b7ba', to '/tmp/impp-install'
Pulled: localhost:5000/open-edge-platform/geti/helm/seaweed-fs:2.13.1-de29b7ba
Digest: sha256:df37b36483545abac4e98cb3f59712941f46a87463c63d8ad86c57bdc0148fcd
15:47:47,728 platform_utils.k8s INFO For endpoint 'istiod' in namespace 'istio-system':
15:47:47,728 platform_utils.k8s INFO Check if ip is properly assigned.
15:47:47,733 platform_utils.k8s DEBUG Is endpoint ready: True
15:47:47,733 platform_utils.k8s INFO For endpoint 'cert-manager-webhook' in namespace 'cert-manager':
15:47:47,733 platform_utils.k8s INFO Check if ip is properly assigned.
15:47:47,735 platform_utils.k8s DEBUG Is endpoint ready: True
15:47:47,735 platform_utils.k8s INFO For endpoint 'admission-controller' in namespace 'opa-istio':
15:47:47,735 platform_utils.k8s INFO Check if ip is properly assigned.
15:47:47,737 platform_utils.k8s DEBUG Is endpoint ready: True
15:47:47,737 platform_utils.helm INFO Installing chart 'seaweed-fs' from '/tmp/impp-install/seaweed-fs'.
15:47:47,737 platform_utils.helm DEBUG Invoked following command: 
./tools/helm upgrade -i seaweed-fs --namespace=impt /tmp/impp-install/seaweed-fs --history-max=3 --wait=true --timeout=60m --force --kubeconfig=/etc/rancher/k3s/k3s.yaml --version=2.13.1-de29b7ba --values=/tmp/impp-install/seaweed-fs-values.yaml
Release "seaweed-fs" does not exist. Installing it now.
W0809 15:47:48.036275  186035 warnings.go:70] EnvoyFilter exposes internal implementation details that may change at any time. Prefer other APIs if possible, and exercise extreme caution, especially around upgrades.
15:56:45,975 commands.install WARNING Installation of the platform was aborted.
15:56:46,348 __main__ ERROR 
Traceback (most recent call last):
  File "/home/sysc/geti_v2/platform/services/installer/app/k3s/uninstall.py", line 93, in uninstall_k3s
    _run_k3s_uninstaller(logs_file_path=logs_file_path)
  File "/home/sysc/geti_v2/platform/services/installer/app/k3s/uninstall.py", line 72, in _run_k3s_uninstaller
    subprocess_run(script_path, log_file)
  File "/home/sysc/geti_v2/platform/services/installer/app/cli_utils/platform_logs.py", line 107, in subprocess_run
    raise subprocess.CalledProcessError(subp.returncode, subp.args)
subprocess.CalledProcessError: Command '/usr/local/bin/k3s-uninstall.sh' died with <Signals.SIGINT: 2>.

The above exception was the direct cause of the following exception:

Traceback (most recent call last):
  File "/home/sysc/geti_v2/platform/services/installer/app/platform_installer.py", line 43, in <module>
    cli()
  File "/home/sysc/geti_v2/platform/services/installer/.venv/lib/python3.10/site-packages/click/core.py", line 1157, in __call__
    return self.main(*args, **kwargs)
  File "/home/sysc/geti_v2/platform/services/installer/.venv/lib/python3.10/site-packages/rich_click/rich_group.py", line 21, in main
    return super().main(*args, standalone_mode=False, **kwargs)
  File "/home/sysc/geti_v2/platform/services/installer/.venv/lib/python3.10/site-packages/click/core.py", line 1078, in main
    rv = self.invoke(ctx)
  File "/home/sysc/geti_v2/platform/services/installer/.venv/lib/python3.10/site-packages/click/core.py", line 1688, in invoke
    return _process_result(sub_ctx.command.invoke(sub_ctx))
  File "/home/sysc/geti_v2/platform/services/installer/.venv/lib/python3.10/site-packages/click/core.py", line 1434, in invoke
    return ctx.invoke(self.callback, **ctx.params)
  File "/home/sysc/geti_v2/platform/services/installer/.venv/lib/python3.10/site-packages/click/core.py", line 783, in invoke
    return __callback(*args, **kwargs)
  File "/home/sysc/geti_v2/platform/services/installer/app/commands/install.py", line 491, in install
    execute_installation(config)
  File "/home/sysc/geti_v2/platform/services/installer/app/commands/install.py", line 382, in execute_installation
    install_platform(config=config)
  File "/home/sysc/geti_v2/platform/services/installer/app/platform_stages/install.py", line 75, in install_platform
    task()
  File "/home/sysc/geti_v2/platform/services/installer/app/platform_stages/steps/deploy_seaweed_fs.py", line 69, in deploy_seaweed_fs_chart
    upsert_chart(
  File "/home/sysc/geti_v2/platform/services/installer/app/platform_utils/k8s.py", line 79, in wrapper
    return func(*args, **kwargs)
  File "/home/sysc/geti_v2/platform/services/installer/.venv/lib/python3.10/site-packages/tenacity/__init__.py", line 289, in wrapped_f
    return self(f, *args, **kw)
  File "/home/sysc/geti_v2/platform/services/installer/.venv/lib/python3.10/site-packages/tenacity/__init__.py", line 379, in __call__
    do = self.iter(retry_state=retry_state)
  File "/home/sysc/geti_v2/platform/services/installer/.venv/lib/python3.10/site-packages/tenacity/__init__.py", line 314, in iter
    return fut.result()
  File "/home/sysc/.local/share/uv/python/cpython-3.10.18-linux-x86_64-gnu/lib/python3.10/concurrent/futures/_base.py", line 451, in result
    return self.__get_result()
  File "/home/sysc/.local/share/uv/python/cpython-3.10.18-linux-x86_64-gnu/lib/python3.10/concurrent/futures/_base.py", line 403, in __get_result
    raise self._exception
  File "/home/sysc/geti_v2/platform/services/installer/.venv/lib/python3.10/site-packages/tenacity/__init__.py", line 382, in __call__
    result = fn(*args, **kwargs)
  File "/home/sysc/geti_v2/platform/services/installer/app/platform_utils/helm.py", line 115, in upsert_chart
    subprocess_run(command, log_file)
  File "/home/sysc/geti_v2/platform/services/installer/app/cli_utils/platform_logs.py", line 100, in subprocess_run
    for line in subp.stdout:  # type: ignore[union-attr]
  File "/home/sysc/geti_v2/platform/services/installer/app/commands/install.py", line 106, in handler
    uninstall_k3s(delete_data=True, data_folder=data_folder)
  File "/home/sysc/geti_v2/platform/services/installer/app/k3s/uninstall.py", line 98, in uninstall_k3s
    raise K3SUninstallationError from ex
k3s.uninstall.K3SUninstallationError
