Logs for job migration-job-fdbhb:
2026-08-09 09:50:51,986 [INFO    ] [migration_job.run_migration:245]: === Platform migrations job script ===
2026-08-09 09:50:51,986 [INFO    ] [migration_job.run_migration:246]: MongoDB database: 'geti'
2026-08-09 09:50:52,009 [WARNING ] [migration_job.mongodb_upgrades_history:74]: Could not determine the current data version through the database (found 'None'); defaulting to '1.0'.
2026-08-09 09:50:52,010 [INFO    ] [migration_job.run_migration:153]: Migration from data version 1.0 to 35.0 will go through ('2.0', '3.0', '4.0', '5.0', '6.0', '7.0', '8.0', '9.0', '10.0', '11.0', '12.0', '13.0', '14.0', '15.0', '16.0', '17.0', '18.0', '19.0', '20.0', '21.0', '22.0', '23.0', '24.0', '25.0', '26.0', '27.0', '28.0', '29.0', '30.0', '31.0', '32.0', '33.0', '34.0', '35.0').
2026-08-09 09:50:52,290 [INFO    ] [migration_job.run_migration:189]: Starting upgrade of non-project data to 2.0
2026-08-09 09:50:52,290 [INFO    ] [migration_job.run_migration:191]: Completed upgrade of non-project data to 2.0
2026-08-09 09:50:52,291 [INFO    ] [migration_job.run_migration:203]: The following document has been inserted into upgrades_history collection:{'id': None, 'filepath': 'image_size_as_integer.py', 'author': None, 'description': 'Save size of image as integer', 'backward_compatibility': None, 'downgradability': True, 'current_version': '1.0', 'target_version': '2.0', 'start_date': datetime.datetime(2026, 8, 9, 9, 50, 52, 289848, tzinfo=datetime.timezone.utc), 'stop_date': datetime.datetime(2026, 8, 9, 9, 50, 52, 290988, tzinfo=datetime.timezone.utc), '_id': ObjectId('6a784d7c0dd5865cef98c889')}
2026-08-09 09:50:52,292 [INFO    ] [migration_job.run_migration:189]: Starting upgrade of non-project data to 3.0
2026-08-09 09:50:52,292 [INFO    ] [migration_job.run_migration:191]: Completed upgrade of non-project data to 3.0
2026-08-09 09:50:52,293 [INFO    ] [migration_job.run_migration:203]: The following document has been inserted into upgrades_history collection:{'id': None, 'filepath': 'set_annotation_filter_config_params.py', 'author': None, 'description': "Add new configurable parameters 'minimum_annotation_size' and 'maximum_number_of_annotations'", 'backward_compatibility': None, 'downgradability': True, 'current_version': '2.0', 'target_version': '3.0', 'start_date': datetime.datetime(2026, 8, 9, 9, 50, 52, 291789, tzinfo=datetime.timezone.utc), 'stop_date': datetime.datetime(2026, 8, 9, 9, 50, 52, 292532, tzinfo=datetime.timezone.utc), '_id': ObjectId('6a784d7c0dd5865cef98c88a')}
2026-08-09 09:50:52,293 [INFO    ] [migration_job.run_migration:189]: Starting upgrade of non-project data to 4.0
2026-08-09 09:50:52,293 [INFO    ] [migration_job.run_migration:191]: Completed upgrade of non-project data to 4.0
2026-08-09 09:50:52,294 [INFO    ] [migration_job.run_migration:203]: The following document has been inserted into upgrades_history collection:{'id': None, 'filepath': 'introduce_evaluation_result.py', 'author': None, 'description': 'Introduces new evaluation_result collection, unifying data from result_set and model_test_result collections but do not replace them. Migration is backward compatible.', 'backward_compatibility': None, 'downgradability': True, 'current_version': '3.0', 'target_version': '4.0', 'start_date': datetime.datetime(2026, 8, 9, 9, 50, 52, 293194, tzinfo=datetime.timezone.utc), 'stop_date': datetime.datetime(2026, 8, 9, 9, 50, 52, 293804, tzinfo=datetime.timezone.utc), '_id': ObjectId('6a784d7c0dd5865cef98c88b')}
2026-08-09 09:50:52,294 [INFO    ] [migration_job.run_migration:189]: Starting upgrade of non-project data to 5.0
2026-08-09 09:50:52,295 [INFO    ] [migration_job.run_migration:191]: Completed upgrade of non-project data to 5.0
2026-08-09 09:50:52,295 [INFO    ] [migration_job.run_migration:203]: The following document has been inserted into upgrades_history collection:{'id': None, 'filepath': 'set_training_framework_in_models.py', 'author': None, 'description': "Set field 'training_framework' to a default value in existing models'", 'backward_compatibility': None, 'downgradability': True, 'current_version': '4.0', 'target_version': '5.0', 'start_date': datetime.datetime(2026, 8, 9, 9, 50, 52, 294426, tzinfo=datetime.timezone.utc), 'stop_date': datetime.datetime(2026, 8, 9, 9, 50, 52, 295031, tzinfo=datetime.timezone.utc), '_id': ObjectId('6a784d7c0dd5865cef98c88c')}
2026-08-09 09:50:52,296 [INFO    ] [migration_job.run_migration:189]: Starting upgrade of non-project data to 6.0
2026-08-09 09:50:52,344 [INFO    ] [migration_job.run_migration:191]: Completed upgrade of non-project data to 6.0
2026-08-09 09:50:52,344 [INFO    ] [migration_job.run_migration:203]: The following document has been inserted into upgrades_history collection:{'id': None, 'filepath': 'add_project_type.py', 'author': None, 'description': 'Add project type to project', 'backward_compatibility': None, 'downgradability': True, 'current_version': '5.0', 'target_version': '6.0', 'start_date': datetime.datetime(2026, 8, 9, 9, 50, 52, 295706, tzinfo=datetime.timezone.utc), 'stop_date': datetime.datetime(2026, 8, 9, 9, 50, 52, 344108, tzinfo=datetime.timezone.utc), '_id': ObjectId('6a784d7c0dd5865cef98c88e')}
2026-08-09 09:50:52,345 [INFO    ] [migration_job.run_migration:189]: Starting upgrade of non-project data to 7.0
2026-08-09 09:50:52,345 [INFO    ] [migration_job.run_migration:191]: Completed upgrade of non-project data to 7.0
2026-08-09 09:50:52,345 [INFO    ] [migration_job.run_migration:203]: The following document has been inserted into upgrades_history collection:{'id': None, 'filepath': 'remove_empty_annotation_scene.py', 'author': None, 'description': 'Remove empty annotation scenes, if they are the first annotation scene for an image', 'backward_compatibility': None, 'downgradability': True, 'current_version': '6.0', 'target_version': '7.0', 'start_date': datetime.datetime(2026, 8, 9, 9, 50, 52, 344887, tzinfo=datetime.timezone.utc), 'stop_date': datetime.datetime(2026, 8, 9, 9, 50, 52, 345448, tzinfo=datetime.timezone.utc), '_id': ObjectId('6a784d7c0dd5865cef98c88f')}
2026-08-09 09:50:52,346 [INFO    ] [migration_job.run_migration:189]: Starting upgrade of non-project data to 8.0
2026-08-09 09:50:52,371 [INFO    ] [migration_job.run_migration:191]: Completed upgrade of non-project data to 8.0
2026-08-09 09:50:52,372 [INFO    ] [migration_job.run_migration:203]: The following document has been inserted into upgrades_history collection:{'id': None, 'filepath': 'remove_result_media.py', 'author': None, 'description': 'Drops the result media bucket and removes result media from the metadata_item collection.', 'backward_compatibility': None, 'downgradability': False, 'current_version': '7.0', 'target_version': '8.0', 'start_date': datetime.datetime(2026, 8, 9, 9, 50, 52, 345885, tzinfo=datetime.timezone.utc), 'stop_date': datetime.datetime(2026, 8, 9, 9, 50, 52, 371497, tzinfo=datetime.timezone.utc), '_id': ObjectId('6a784d7c0dd5865cef98c891')}
2026-08-09 09:50:52,372 [INFO    ] [migration_job.run_migration:189]: Starting upgrade of non-project data to 9.0
2026-08-09 09:50:52,381 [INFO    ] [migration.scripts.new_annotation_scene_index:40]: Dropped index on annotation_scene collection: media_identifier_-1
2026-08-09 09:50:52,381 [INFO    ] [migration.scripts.new_annotation_scene_index:40]: Dropped index on annotation_scene collection: media_identifier.media_id_-1
2026-08-09 09:50:52,382 [INFO    ] [migration.scripts.new_annotation_scene_index:40]: Dropped index on annotation_scene collection: kind_-1
2026-08-09 09:50:52,382 [INFO    ] [migration.scripts.new_annotation_scene_index:40]: Dropped index on annotation_scene collection: model_ids_-1
2026-08-09 09:50:52,383 [INFO    ] [migration.scripts.new_annotation_scene_index:40]: Dropped index on annotation_scene collection: dataset_storage_id_-1_kind_-1_media_identifier_1__id_-1
2026-08-09 09:50:52,383 [INFO    ] [migration_job.run_migration:191]: Completed upgrade of non-project data to 9.0
2026-08-09 09:50:52,383 [INFO    ] [migration_job.run_migration:203]: The following document has been inserted into upgrades_history collection:{'id': None, 'filepath': 'new_annotation_scene_index.py', 'author': None, 'description': 'Replace old annotation scene indexes with new ones', 'backward_compatibility': None, 'downgradability': True, 'current_version': '8.0', 'target_version': '9.0', 'start_date': datetime.datetime(2026, 8, 9, 9, 50, 52, 372279, tzinfo=datetime.timezone.utc), 'stop_date': datetime.datetime(2026, 8, 9, 9, 50, 52, 383301, tzinfo=datetime.timezone.utc), '_id': ObjectId('6a784d7c0dd5865cef98c893')}
2026-08-09 09:50:52,384 [INFO    ] [migration_job.run_migration:189]: Starting upgrade of non-project data to 10.0
2026-08-09 09:50:52,384 [INFO    ] [migration_job.run_migration:191]: Completed upgrade of non-project data to 10.0
2026-08-09 09:50:52,385 [INFO    ] [migration_job.run_migration:203]: The following document has been inserted into upgrades_history collection:{'id': None, 'filepath': 'add_extension_field_to_video_document.py', 'author': None, 'description': "Adds and populates the 'extension' field, if not present, from the binary_filename property for video documents", 'backward_compatibility': None, 'downgradability': True, 'current_version': '9.0', 'target_version': '10.0', 'start_date': datetime.datetime(2026, 8, 9, 9, 50, 52, 383912, tzinfo=datetime.timezone.utc), 'stop_date': datetime.datetime(2026, 8, 9, 9, 50, 52, 384528, tzinfo=datetime.timezone.utc), '_id': ObjectId('6a784d7c0dd5865cef98c894')}
2026-08-09 09:50:52,385 [INFO    ] [migration_job.run_migration:189]: Starting upgrade of non-project data to 11.0
2026-08-09 09:50:52,385 [INFO    ] [migration_job.run_migration:191]: Completed upgrade of non-project data to 11.0
2026-08-09 09:50:52,386 [INFO    ] [migration_job.run_migration:203]: The following document has been inserted into upgrades_history collection:{'id': None, 'filepath': 'add_media_filter_data.py', 'author': None, 'description': 'Add size and video info to filter data', 'backward_compatibility': None, 'downgradability': True, 'current_version': '10.0', 'target_version': '11.0', 'start_date': datetime.datetime(2026, 8, 9, 9, 50, 52, 385055, tzinfo=datetime.timezone.utc), 'stop_date': datetime.datetime(2026, 8, 9, 9, 50, 52, 385615, tzinfo=datetime.timezone.utc), '_id': ObjectId('6a784d7c0dd5865cef98c895')}
2026-08-09 09:50:52,386 [INFO    ] [migration_job.run_migration:189]: Starting upgrade of non-project data to 12.0
2026-08-09 09:50:52,386 [INFO    ] [migration_job.run_migration:191]: Completed upgrade of non-project data to 12.0
2026-08-09 09:50:52,387 [INFO    ] [migration_job.run_migration:203]: The following document has been inserted into upgrades_history collection:{'id': None, 'filepath': 'set_train_validation_remixing_config_params.py', 'author': None, 'description': "Add new configurable parameter 'train_validation_remixing'", 'backward_compatibility': None, 'downgradability': True, 'current_version': '11.0', 'target_version': '12.0', 'start_date': datetime.datetime(2026, 8, 9, 9, 50, 52, 386107, tzinfo=datetime.timezone.utc), 'stop_date': datetime.datetime(2026, 8, 9, 9, 50, 52, 386600, tzinfo=datetime.timezone.utc), '_id': ObjectId('6a784d7c0dd5865cef98c896')}
2026-08-09 09:50:52,387 [INFO    ] [migration_job.run_migration:189]: Starting upgrade of non-project data to 13.0
2026-08-09 09:50:52,396 [INFO    ] [migration.scripts.remove_auto_train_policy:30]: Dropped collection 'auto_train_policy'
2026-08-09 09:50:52,396 [INFO    ] [migration_job.run_migration:191]: Completed upgrade of non-project data to 13.0
2026-08-09 09:50:52,397 [INFO    ] [migration_job.run_migration:203]: The following document has been inserted into upgrades_history collection:{'id': None, 'filepath': 'remove_auto_train_policy.py', 'author': None, 'description': "Drop the 'auto_train_policy' MongoDB collection", 'backward_compatibility': None, 'downgradability': True, 'current_version': '12.0', 'target_version': '13.0', 'start_date': datetime.datetime(2026, 8, 9, 9, 50, 52, 387064, tzinfo=datetime.timezone.utc), 'stop_date': datetime.datetime(2026, 8, 9, 9, 50, 52, 396356, tzinfo=datetime.timezone.utc), '_id': ObjectId('6a784d7c0dd5865cef98c898')}
2026-08-09 09:50:52,398 [INFO    ] [migration_job.run_migration:189]: Starting upgrade of non-project data to 14.0
2026-08-09 09:50:52,398 [INFO    ] [migration_job.run_migration:191]: Completed upgrade of non-project data to 14.0
2026-08-09 09:50:52,398 [INFO    ] [migration_job.run_migration:203]: The following document has been inserted into upgrades_history collection:{'id': None, 'filepath': 'add_model_purge_info.py', 'author': None, 'description': 'Adds the model purge info to models if it does not exist yet', 'backward_compatibility': None, 'downgradability': True, 'current_version': '13.0', 'target_version': '14.0', 'start_date': datetime.datetime(2026, 8, 9, 9, 50, 52, 397647, tzinfo=datetime.timezone.utc), 'stop_date': datetime.datetime(2026, 8, 9, 9, 50, 52, 398343, tzinfo=datetime.timezone.utc), '_id': ObjectId('6a784d7c0dd5865cef98c899')}
2026-08-09 09:50:52,399 [INFO    ] [migration_job.run_migration:189]: Starting upgrade of non-project data to 15.0
2026-08-09 09:50:52,399 [INFO    ] [migration_job.run_migration:191]: Completed upgrade of non-project data to 15.0
2026-08-09 09:50:52,399 [INFO    ] [migration_job.run_migration:203]: The following document has been inserted into upgrades_history collection:{'id': None, 'filepath': 'set_dynamic_required_annotations_config_params.py', 'author': None, 'description': "Add new configurable parameters 'use_dynamic_required_annotations' and 'required_images_auto_training_dynamic' ", 'backward_compatibility': None, 'downgradability': True, 'current_version': '14.0', 'target_version': '15.0', 'start_date': datetime.datetime(2026, 8, 9, 9, 50, 52, 398872, tzinfo=datetime.timezone.utc), 'stop_date': datetime.datetime(2026, 8, 9, 9, 50, 52, 399365, tzinfo=datetime.timezone.utc), '_id': ObjectId('6a784d7c0dd5865cef98c89a')}
2026-08-09 09:50:52,400 [INFO    ] [migration_job.run_migration:189]: Starting upgrade of non-project data to 16.0
2026-08-09 09:50:52,400 [INFO    ] [migration_job.run_migration:191]: Completed upgrade of non-project data to 16.0
2026-08-09 09:50:52,400 [INFO    ] [migration_job.run_migration:203]: The following document has been inserted into upgrades_history collection:{'id': None, 'filepath': 'reconcile_media_extension.py', 'author': None, 'description': "Update the 'extension' field of media documents to be consistent with 'binary_filename', in case they don't match.", 'backward_compatibility': None, 'downgradability': True, 'current_version': '15.0', 'target_version': '16.0', 'start_date': datetime.datetime(2026, 8, 9, 9, 50, 52, 399833, tzinfo=datetime.timezone.utc), 'stop_date': datetime.datetime(2026, 8, 9, 9, 50, 52, 400327, tzinfo=datetime.timezone.utc), '_id': ObjectId('6a784d7c0dd5865cef98c89b')}
2026-08-09 09:50:52,401 [INFO    ] [migration_job.run_migration:189]: Starting upgrade of non-project data to 17.0
2026-08-09 09:50:52,401 [INFO    ] [migration_job.run_migration:191]: Completed upgrade of non-project data to 17.0
2026-08-09 09:50:52,401 [INFO    ] [migration_job.run_migration:203]: The following document has been inserted into upgrades_history collection:{'id': None, 'filepath': 'remove_binary_filename_from_media_docs.py', 'author': None, 'description': "Remove the 'binary_filename' field in video and image documents", 'backward_compatibility': None, 'downgradability': True, 'current_version': '16.0', 'target_version': '17.0', 'start_date': datetime.datetime(2026, 8, 9, 9, 50, 52, 400862, tzinfo=datetime.timezone.utc), 'stop_date': datetime.datetime(2026, 8, 9, 9, 50, 52, 401363, tzinfo=datetime.timezone.utc), '_id': ObjectId('6a784d7c0dd5865cef98c89c')}
2026-08-09 09:50:52,402 [INFO    ] [migration_job.run_migration:189]: Starting upgrade of non-project data to 18.0
2026-08-09 09:50:52,402 [INFO    ] [migration_job.run_migration:191]: Completed upgrade of non-project data to 18.0
2026-08-09 09:50:52,402 [INFO    ] [migration_job.run_migration:203]: The following document has been inserted into upgrades_history collection:{'id': None, 'filepath': 'remove_empty_annotations.py', 'author': None, 'description': 'Removes empty annotations that could be in the database after a bug in label deletion.', 'backward_compatibility': None, 'downgradability': True, 'current_version': '17.0', 'target_version': '18.0', 'start_date': datetime.datetime(2026, 8, 9, 9, 50, 52, 401789, tzinfo=datetime.timezone.utc), 'stop_date': datetime.datetime(2026, 8, 9, 9, 50, 52, 402224, tzinfo=datetime.timezone.utc), '_id': ObjectId('6a784d7c0dd5865cef98c89d')}
2026-08-09 09:50:52,403 [INFO    ] [migration_job.run_migration:189]: Starting upgrade of non-project data to 19.0
2026-08-09 09:50:52,403 [INFO    ] [migration_job.run_migration:191]: Completed upgrade of non-project data to 19.0
2026-08-09 09:50:52,403 [INFO    ] [migration_job.run_migration:203]: The following document has been inserted into upgrades_history collection:{'id': None, 'filepath': 'adjust_hyper_params.py', 'author': None, 'description': 'Update headers and description of a couple training related parameters', 'backward_compatibility': None, 'downgradability': True, 'current_version': '18.0', 'target_version': '19.0', 'start_date': datetime.datetime(2026, 8, 9, 9, 50, 52, 402649, tzinfo=datetime.timezone.utc), 'stop_date': datetime.datetime(2026, 8, 9, 9, 50, 52, 403139, tzinfo=datetime.timezone.utc), '_id': ObjectId('6a784d7c0dd5865cef98c89e')}
2026-08-09 09:50:52,404 [INFO    ] [migration_job.run_migration:189]: Starting upgrade of non-project data to 20.0
2026-08-09 09:50:52,413 [INFO    ] [migration_job.run_migration:191]: Completed upgrade of non-project data to 20.0
2026-08-09 09:50:52,413 [INFO    ] [migration_job.run_migration:203]: The following document has been inserted into upgrades_history collection:{'id': None, 'filepath': 'remove_result_set_and_model_test_result.py', 'author': None, 'description': 'Empty the result_set and model_test_result collections, as they are replaced by evaluation_result', 'backward_compatibility': None, 'downgradability': False, 'current_version': '19.0', 'target_version': '20.0', 'start_date': datetime.datetime(2026, 8, 9, 9, 50, 52, 403640, tzinfo=datetime.timezone.utc), 'stop_date': datetime.datetime(2026, 8, 9, 9, 50, 52, 413449, tzinfo=datetime.timezone.utc), '_id': ObjectId('6a784d7c0dd5865cef98c8a0')}
2026-08-09 09:50:52,414 [INFO    ] [migration_job.run_migration:189]: Starting upgrade of non-project data to 21.0
2026-08-09 09:50:52,422 [INFO    ] [migration.scripts.remove_ndr:63]: Dropped collection 'ndr_config'
2026-08-09 09:50:52,423 [INFO    ] [migration.scripts.remove_ndr:63]: Dropped collection 'ndr_hash'
2026-08-09 09:50:52,423 [INFO    ] [migration_job.run_migration:191]: Completed upgrade of non-project data to 21.0
2026-08-09 09:50:52,423 [INFO    ] [migration_job.run_migration:203]: The following document has been inserted into upgrades_history collection:{'id': None, 'filepath': 'remove_ndr.py', 'author': None, 'description': 'Drops the ndr_config and ndr_hash collection, and removes use_ndr field from configurable parameters.', 'backward_compatibility': None, 'downgradability': True, 'current_version': '20.0', 'target_version': '21.0', 'start_date': datetime.datetime(2026, 8, 9, 9, 50, 52, 414013, tzinfo=datetime.timezone.utc), 'stop_date': datetime.datetime(2026, 8, 9, 9, 50, 52, 423145, tzinfo=datetime.timezone.utc), '_id': ObjectId('6a784d7c0dd5865cef98c8a2')}
2026-08-09 09:50:52,424 [INFO    ] [migration_job.run_migration:189]: Starting upgrade of non-project data to 22.0
2026-08-09 09:50:52,432 [INFO    ] [migration.scripts.drop_unused_indexes:130]: Dropped index on training_revision_filter collection: dataset_id_-1
2026-08-09 09:50:52,432 [INFO    ] [migration.scripts.drop_unused_indexes:130]: Dropped index on training_revision_filter collection: organization_id_-1_location_-1
2026-08-09 09:50:52,433 [INFO    ] [migration.scripts.drop_unused_indexes:130]: Dropped index on dataset_item collection: dataset_id_-1
2026-08-09 09:50:52,433 [INFO    ] [migration.scripts.drop_unused_indexes:130]: Dropped index on dataset_item collection: organization_id_-1_location_-1
2026-08-09 09:50:52,434 [INFO    ] [migration.scripts.drop_unused_indexes:130]: Dropped index on annotation_scene collection: dataset_storage_id_-1
2026-08-09 09:50:52,434 [INFO    ] [migration.scripts.drop_unused_indexes:130]: Dropped index on annotation_scene collection: organization_id_-1_location_-1
2026-08-09 09:50:52,434 [INFO    ] [migration.scripts.drop_unused_indexes:130]: Dropped index on annotation_scene_state collection: dataset_storage_id_-1
2026-08-09 09:50:52,435 [INFO    ] [migration.scripts.drop_unused_indexes:130]: Dropped index on annotation_scene_state collection: organization_id_-1_location_-1
2026-08-09 09:50:52,435 [INFO    ] [migration.scripts.drop_unused_indexes:130]: Dropped index on compiled_dataset_shard collection: dataset_storage_id_-1
2026-08-09 09:50:52,436 [INFO    ] [migration.scripts.drop_unused_indexes:130]: Dropped index on compiled_dataset_shard collection: organization_id_-1_location_-1
2026-08-09 09:50:52,436 [INFO    ] [migration.scripts.drop_unused_indexes:130]: Dropped index on dataset collection: dataset_storage_id_-1
2026-08-09 09:50:52,436 [INFO    ] [migration.scripts.drop_unused_indexes:130]: Dropped index on dataset collection: organization_id_-1_location_-1
2026-08-09 09:50:52,437 [INFO    ] [migration.scripts.drop_unused_indexes:130]: Dropped index on dataset_storage_filter_data collection: dataset_storage_id_-1
2026-08-09 09:50:52,437 [INFO    ] [migration.scripts.drop_unused_indexes:130]: Dropped index on dataset_storage_filter_data collection: organization_id_-1_location_-1
2026-08-09 09:50:52,437 [INFO    ] [migration.scripts.drop_unused_indexes:130]: Dropped index on image collection: dataset_storage_id_-1
2026-08-09 09:50:52,438 [INFO    ] [migration.scripts.drop_unused_indexes:130]: Dropped index on image collection: organization_id_-1_location_-1
2026-08-09 09:50:52,438 [INFO    ] [migration.scripts.drop_unused_indexes:130]: Dropped index on media_score collection: dataset_storage_id_-1
2026-08-09 09:50:52,439 [INFO    ] [migration.scripts.drop_unused_indexes:130]: Dropped index on media_score collection: organization_id_-1_location_-1
2026-08-09 09:50:52,439 [INFO    ] [migration.scripts.drop_unused_indexes:130]: Dropped index on metadata_item collection: dataset_storage_id_-1
2026-08-09 09:50:52,439 [INFO    ] [migration.scripts.drop_unused_indexes:130]: Dropped index on metadata_item collection: organization_id_-1_location_-1
2026-08-09 09:50:52,440 [INFO    ] [migration.scripts.drop_unused_indexes:130]: Dropped index on pipeline_dataset_entity collection: dataset_storage_id_-1
2026-08-09 09:50:52,440 [INFO    ] [migration.scripts.drop_unused_indexes:130]: Dropped index on pipeline_dataset_entity collection: organization_id_-1_location_-1
2026-08-09 09:50:52,441 [INFO    ] [migration.scripts.drop_unused_indexes:130]: Dropped index on suspended_annotation_scenes collection: dataset_storage_id_-1
2026-08-09 09:50:52,441 [INFO    ] [migration.scripts.drop_unused_indexes:130]: Dropped index on suspended_annotation_scenes collection: organization_id_-1_location_-1
2026-08-09 09:50:52,442 [INFO    ] [migration.scripts.drop_unused_indexes:130]: Dropped index on video collection: dataset_storage_id_-1
2026-08-09 09:50:52,442 [INFO    ] [migration.scripts.drop_unused_indexes:130]: Dropped index on video collection: organization_id_-1_location_-1
2026-08-09 09:50:52,443 [INFO    ] [migration.scripts.drop_unused_indexes:130]: Dropped index on video_annotation_range collection: dataset_storage_id_-1
2026-08-09 09:50:52,443 [INFO    ] [migration.scripts.drop_unused_indexes:130]: Dropped index on video_annotation_range collection: organization_id_-1_location_-1
2026-08-09 09:50:52,443 [INFO    ] [migration.scripts.drop_unused_indexes:130]: Dropped index on model collection: model_storage_id_-1
2026-08-09 09:50:52,444 [INFO    ] [migration.scripts.drop_unused_indexes:130]: Dropped index on model collection: organization_id_-1_location_-1
2026-08-09 09:50:52,444 [INFO    ] [migration.scripts.drop_unused_indexes:130]: Dropped index on active_model_state collection: project_id_-1
2026-08-09 09:50:52,445 [INFO    ] [migration.scripts.drop_unused_indexes:130]: Dropped index on active_model_state collection: organization_id_-1_location_-1
2026-08-09 09:50:52,445 [INFO    ] [migration.scripts.drop_unused_indexes:130]: Dropped index on annotation_template collection: project_id_-1
2026-08-09 09:50:52,445 [INFO    ] [migration.scripts.drop_unused_indexes:130]: Dropped index on annotation_template collection: organization_id_-1_location_-1
2026-08-09 09:50:52,446 [INFO    ] [migration.scripts.drop_unused_indexes:130]: Dropped index on configurable_parameters collection: project_id_-1
2026-08-09 09:50:52,446 [INFO    ] [migration.scripts.drop_unused_indexes:130]: Dropped index on configurable_parameters collection: organization_id_-1_location_-1
2026-08-09 09:50:52,447 [INFO    ] [migration.scripts.drop_unused_indexes:130]: Dropped index on dataset_storage collection: project_id_-1
2026-08-09 09:50:52,447 [INFO    ] [migration.scripts.drop_unused_indexes:130]: Dropped index on dataset_storage collection: organization_id_-1_location_-1
2026-08-09 09:50:52,448 [INFO    ] [migration.scripts.drop_unused_indexes:130]: Dropped index on evaluation_result collection: project_id_-1
2026-08-09 09:50:52,448 [INFO    ] [migration.scripts.drop_unused_indexes:130]: Dropped index on evaluation_result collection: organization_id_-1_location_-1
2026-08-09 09:50:52,448 [INFO    ] [migration.scripts.drop_unused_indexes:130]: Dropped index on label_schema collection: project_id_-1
2026-08-09 09:50:52,449 [INFO    ] [migration.scripts.drop_unused_indexes:130]: Dropped index on label_schema collection: organization_id_-1_location_-1
2026-08-09 09:50:52,449 [INFO    ] [migration.scripts.drop_unused_indexes:130]: Dropped index on model_storage collection: project_id_-1
2026-08-09 09:50:52,450 [INFO    ] [migration.scripts.drop_unused_indexes:130]: Dropped index on model_storage collection: organization_id_-1_location_-1
2026-08-09 09:50:52,450 [INFO    ] [migration.scripts.drop_unused_indexes:130]: Dropped index on task_node collection: project_id_-1
2026-08-09 09:50:52,450 [INFO    ] [migration.scripts.drop_unused_indexes:130]: Dropped index on task_node collection: organization_id_-1_location_-1
2026-08-09 09:50:52,451 [INFO    ] [migration.scripts.drop_unused_indexes:130]: Dropped index on vps_reference_feature collection: project_id_-1
2026-08-09 09:50:52,451 [INFO    ] [migration.scripts.drop_unused_indexes:130]: Dropped index on vps_reference_feature collection: organization_id_-1_location_-1
2026-08-09 09:50:52,451 [INFO    ] [migration.scripts.drop_unused_indexes:130]: Dropped index on project collection: organization_id_-1_location_-1
2026-08-09 09:50:52,452 [WARNING ] [migration.scripts.drop_unused_indexes:132]: Could not drop index with name organization_id_-1_location_-1 on auto_train_activation collection: presumably it was dropped before.
2026-08-09 09:50:52,452 [INFO    ] [migration.scripts.drop_unused_indexes:130]: Dropped index on file_metadata collection: organization_id_-1_location_-1
2026-08-09 09:50:52,453 [WARNING ] [migration.scripts.drop_unused_indexes:132]: Could not drop index with name organization_id_-1_location_-1 on job collection: presumably it was dropped before.
2026-08-09 09:50:52,453 [INFO    ] [migration.scripts.drop_unused_indexes:130]: Dropped index on upload_operation collection: organization_id_-1_location_-1
2026-08-09 09:50:52,454 [INFO    ] [migration.scripts.drop_unused_indexes:130]: Dropped index on ui_settings collection: organization_id_-1_location_-1
2026-08-09 09:50:52,454 [INFO    ] [migration.scripts.drop_unused_indexes:130]: Dropped index on model collection: model_status_-1
2026-08-09 09:50:52,455 [INFO    ] [migration.scripts.drop_unused_indexes:130]: Dropped index on model collection: optimization_type_-1
2026-08-09 09:50:52,455 [INFO    ] [migration.scripts.drop_unused_indexes:130]: Dropped index on training_revision_filter collection: media_identifier.media_id_-1
2026-08-09 09:50:52,455 [INFO    ] [migration.scripts.drop_unused_indexes:130]: Dropped index on training_revision_filter collection: media_identifier.type_-1
2026-08-09 09:50:52,456 [INFO    ] [migration.scripts.drop_unused_indexes:130]: Dropped index on training_revision_filter collection: subset_-1
2026-08-09 09:50:52,456 [INFO    ] [migration.scripts.drop_unused_indexes:130]: Dropped index on training_revision_filter collection: label_ids_-1
2026-08-09 09:50:52,456 [INFO    ] [migration.scripts.drop_unused_indexes:130]: Dropped index on training_revision_filter collection: name_-1
2026-08-09 09:50:52,457 [INFO    ] [migration.scripts.drop_unused_indexes:130]: Dropped index on training_revision_filter collection: upload_date_-1
2026-08-09 09:50:52,457 [INFO    ] [migration_job.run_migration:191]: Completed upgrade of non-project data to 22.0
2026-08-09 09:50:52,458 [INFO    ] [migration_job.run_migration:203]: The following document has been inserted into upgrades_history collection:{'id': None, 'filepath': 'drop_unused_indexes.py', 'author': None, 'description': 'Drop unused indexes in MongoDB', 'backward_compatibility': None, 'downgradability': True, 'current_version': '21.0', 'target_version': '22.0', 'start_date': datetime.datetime(2026, 8, 9, 9, 50, 52, 423687, tzinfo=datetime.timezone.utc), 'stop_date': datetime.datetime(2026, 8, 9, 9, 50, 52, 457390, tzinfo=datetime.timezone.utc), '_id': ObjectId('6a784d7c0dd5865cef98c8a4')}
2026-08-09 09:50:52,458 [INFO    ] [migration_job.run_migration:189]: Starting upgrade of non-project data to 23.0
2026-08-09 09:50:52,472 [INFO    ] [migration_job.run_migration:191]: Completed upgrade of non-project data to 23.0
2026-08-09 09:50:52,473 [INFO    ] [migration_job.run_migration:203]: The following document has been inserted into upgrades_history collection:{'id': None, 'filepath': 'drop_operation_collection.py', 'author': None, 'description': 'Drop unused operation collection in MongoDB', 'backward_compatibility': None, 'downgradability': True, 'current_version': '22.0', 'target_version': '23.0', 'start_date': datetime.datetime(2026, 8, 9, 9, 50, 52, 458073, tzinfo=datetime.timezone.utc), 'stop_date': datetime.datetime(2026, 8, 9, 9, 50, 52, 472502, tzinfo=datetime.timezone.utc), '_id': ObjectId('6a784d7c0dd5865cef98c8a6')}
2026-08-09 09:50:52,473 [INFO    ] [migration_job.run_migration:189]: Starting upgrade of non-project data to 24.0
2026-08-09 09:50:52,473 [INFO    ] [migration_job.run_migration:191]: Completed upgrade of non-project data to 24.0
2026-08-09 09:50:52,474 [INFO    ] [migration_job.run_migration:203]: The following document has been inserted into upgrades_history collection:{'id': None, 'filepath': 'update_media_score.py', 'author': None, 'description': 'Update schema for the score objects', 'backward_compatibility': None, 'downgradability': True, 'current_version': '23.0', 'target_version': '24.0', 'start_date': datetime.datetime(2026, 8, 9, 9, 50, 52, 473205, tzinfo=datetime.timezone.utc), 'stop_date': datetime.datetime(2026, 8, 9, 9, 50, 52, 473817, tzinfo=datetime.timezone.utc), '_id': ObjectId('6a784d7c0dd5865cef98c8a7')}
2026-08-09 09:50:52,474 [INFO    ] [migration_job.run_migration:189]: Starting upgrade of non-project data to 25.0
2026-08-09 09:50:52,474 [INFO    ] [migration_job.run_migration:191]: Completed upgrade of non-project data to 25.0
2026-08-09 09:50:52,475 [INFO    ] [migration_job.run_migration:203]: The following document has been inserted into upgrades_history collection:{'id': None, 'filepath': 'correct_vfr_video_fps.py', 'author': None, 'description': 'Corrects the fps value for VFR videos', 'backward_compatibility': None, 'downgradability': True, 'current_version': '24.0', 'target_version': '25.0', 'start_date': datetime.datetime(2026, 8, 9, 9, 50, 52, 474301, tzinfo=datetime.timezone.utc), 'stop_date': datetime.datetime(2026, 8, 9, 9, 50, 52, 474775, tzinfo=datetime.timezone.utc), '_id': ObjectId('6a784d7c0dd5865cef98c8a8')}
2026-08-09 09:50:52,476 [INFO    ] [migration_job.run_migration:189]: Starting upgrade of non-project data to 26.0
2026-08-09 09:50:52,476 [INFO    ] [migration_job.run_migration:191]: Completed upgrade of non-project data to 26.0
2026-08-09 09:50:52,476 [INFO    ] [migration_job.run_migration:203]: The following document has been inserted into upgrades_history collection:{'id': None, 'filepath': 'fix_auto_num_workers.py', 'author': None, 'description': "Removes auto_num_workers from configurable_parameters if it doesn't contain any value", 'backward_compatibility': None, 'downgradability': True, 'current_version': '25.0', 'target_version': '26.0', 'start_date': datetime.datetime(2026, 8, 9, 9, 50, 52, 475630, tzinfo=datetime.timezone.utc), 'stop_date': datetime.datetime(2026, 8, 9, 9, 50, 52, 476077, tzinfo=datetime.timezone.utc), '_id': ObjectId('6a784d7c0dd5865cef98c8a9')}
2026-08-09 09:50:52,476 [INFO    ] [migration_job.run_migration:189]: Starting upgrade of non-project data to 27.0
2026-08-09 09:50:52,485 [INFO    ] [migration.scripts.sanitize_media_binary_extension:64]: Sanitized extensions of 0 images from binary storage
2026-08-09 09:50:52,489 [INFO    ] [migration.scripts.sanitize_media_binary_extension:64]: Sanitized extensions of 0 videos from binary storage
2026-08-09 09:50:52,489 [INFO    ] [migration_job.run_migration:191]: Completed upgrade of non-project data to 27.0
2026-08-09 09:50:52,490 [INFO    ] [migration_job.run_migration:203]: The following document has been inserted into upgrades_history collection:{'id': None, 'filepath': 'sanitize_media_binary_extension.py', 'author': None, 'description': 'Converts media binaries extensions to be lower case.', 'backward_compatibility': None, 'downgradability': True, 'current_version': '26.0', 'target_version': '27.0', 'start_date': datetime.datetime(2026, 8, 9, 9, 50, 52, 476498, tzinfo=datetime.timezone.utc), 'stop_date': datetime.datetime(2026, 8, 9, 9, 50, 52, 489834, tzinfo=datetime.timezone.utc), '_id': ObjectId('6a784d7c0dd5865cef98c8aa')}
2026-08-09 09:50:52,491 [INFO    ] [migration_job.run_migration:189]: Starting upgrade of non-project data to 28.0
2026-08-09 09:50:52,491 [INFO    ] [migration_job.run_migration:191]: Completed upgrade of non-project data to 28.0
2026-08-09 09:50:52,491 [INFO    ] [migration_job.run_migration:203]: The following document has been inserted into upgrades_history collection:{'id': None, 'filepath': 'add_media_preprocessing.py', 'author': None, 'description': 'Adds media preprocessing data with status FINISHED', 'backward_compatibility': None, 'downgradability': True, 'current_version': '27.0', 'target_version': '28.0', 'start_date': datetime.datetime(2026, 8, 9, 9, 50, 52, 490660, tzinfo=datetime.timezone.utc), 'stop_date': datetime.datetime(2026, 8, 9, 9, 50, 52, 491278, tzinfo=datetime.timezone.utc), '_id': ObjectId('6a784d7c0dd5865cef98c8ab')}
2026-08-09 09:50:52,492 [INFO    ] [migration_job.run_migration:189]: Starting upgrade of non-project data to 29.0
2026-08-09 09:50:52,492 [INFO    ] [migration_job.run_migration:191]: Completed upgrade of non-project data to 29.0
2026-08-09 09:50:52,492 [INFO    ] [migration_job.run_migration:203]: The following document has been inserted into upgrades_history collection:{'id': None, 'filepath': 'add_media_extension_to_filter_data.py', 'author': None, 'description': "Adds and populates the 'media_extension' field, if not present, in filter data docs", 'backward_compatibility': None, 'downgradability': True, 'current_version': '28.0', 'target_version': '29.0', 'start_date': datetime.datetime(2026, 8, 9, 9, 50, 52, 491772, tzinfo=datetime.timezone.utc), 'stop_date': datetime.datetime(2026, 8, 9, 9, 50, 52, 492278, tzinfo=datetime.timezone.utc), '_id': ObjectId('6a784d7c0dd5865cef98c8ac')}
2026-08-09 09:50:52,493 [INFO    ] [migration_job.run_migration:189]: Starting upgrade of non-project data to 30.0
2026-08-09 09:50:52,493 [INFO    ] [migration_job.run_migration:191]: Completed upgrade of non-project data to 30.0
2026-08-09 09:50:52,493 [INFO    ] [migration_job.run_migration:203]: The following document has been inserted into upgrades_history collection:{'id': None, 'filepath': 'add_dataset_storage_filter_data_preprocessing.py', 'author': None, 'description': 'Adds dataset storage filter data preprocessing data with status FINISHED', 'backward_compatibility': None, 'downgradability': True, 'current_version': '29.0', 'target_version': '30.0', 'start_date': datetime.datetime(2026, 8, 9, 9, 50, 52, 492896, tzinfo=datetime.timezone.utc), 'stop_date': datetime.datetime(2026, 8, 9, 9, 50, 52, 493393, tzinfo=datetime.timezone.utc), '_id': ObjectId('6a784d7c0dd5865cef98c8ad')}
2026-08-09 09:50:52,494 [INFO    ] [migration_job.run_migration:189]: Starting upgrade of non-project data to 31.0
2026-08-09 09:50:52,509 [INFO    ] [migration_job.run_migration:191]: Completed upgrade of non-project data to 31.0
2026-08-09 09:50:52,509 [INFO    ] [migration_job.run_migration:203]: The following document has been inserted into upgrades_history collection:{'id': None, 'filepath': 'jobs_project_id_as_object_id.py', 'author': None, 'description': 'Change project_id from string to object id in job docs', 'backward_compatibility': None, 'downgradability': True, 'current_version': '30.0', 'target_version': '31.0', 'start_date': datetime.datetime(2026, 8, 9, 9, 50, 52, 493893, tzinfo=datetime.timezone.utc), 'stop_date': datetime.datetime(2026, 8, 9, 9, 50, 52, 509208, tzinfo=datetime.timezone.utc), '_id': ObjectId('6a784d7c0dd5865cef98c8af')}
2026-08-09 09:50:52,510 [INFO    ] [migration_job.run_migration:189]: Starting upgrade of non-project data to 32.0
2026-08-09 09:50:52,520 [INFO    ] [migration_job.run_migration:191]: Completed upgrade of non-project data to 32.0
2026-08-09 09:50:52,520 [INFO    ] [migration_job.run_migration:203]: The following document has been inserted into upgrades_history collection:{'id': None, 'filepath': 'drop_code_deployment_collection.py', 'author': None, 'description': 'Drop unused code deployment collection in MongoDB', 'backward_compatibility': None, 'downgradability': True, 'current_version': '31.0', 'target_version': '32.0', 'start_date': datetime.datetime(2026, 8, 9, 9, 50, 52, 509767, tzinfo=datetime.timezone.utc), 'stop_date': datetime.datetime(2026, 8, 9, 9, 50, 52, 520128, tzinfo=datetime.timezone.utc), '_id': ObjectId('6a784d7c0dd5865cef98c8b1')}
2026-08-09 09:50:52,521 [INFO    ] [migration_job.run_migration:189]: Starting upgrade of non-project data to 33.0
2026-08-09 09:50:52,521 [INFO    ] [migration_job.run_migration:191]: Completed upgrade of non-project data to 33.0
2026-08-09 09:50:52,521 [INFO    ] [migration_job.run_migration:203]: The following document has been inserted into upgrades_history collection:{'id': None, 'filepath': 'reduce_anomaly_tasks.py', 'author': None, 'description': 'Performs the anomaly reduction process of: Anomaly Classification, Anomaly Detection, and Anomaly segmentation, to Anomaly.', 'backward_compatibility': None, 'downgradability': False, 'current_version': '32.0', 'target_version': '33.0', 'start_date': datetime.datetime(2026, 8, 9, 9, 50, 52, 520840, tzinfo=datetime.timezone.utc), 'stop_date': datetime.datetime(2026, 8, 9, 9, 50, 52, 521453, tzinfo=datetime.timezone.utc), '_id': ObjectId('6a784d7c0dd5865cef98c8b2')}
2026-08-09 09:50:52,522 [INFO    ] [migration_job.run_migration:189]: Starting upgrade of non-project data to 34.0
2026-08-09 09:50:52,530 [INFO    ] [migration.scripts.remove_premature_configuration:31]: Dropped collection 'project_configuration'
2026-08-09 09:50:52,531 [INFO    ] [migration.scripts.remove_premature_configuration:31]: Dropped collection 'training_configuration'
2026-08-09 09:50:52,531 [INFO    ] [migration_job.run_migration:191]: Completed upgrade of non-project data to 34.0
2026-08-09 09:50:52,532 [INFO    ] [migration_job.run_migration:203]: The following document has been inserted into upgrades_history collection:{'id': None, 'filepath': 'remove_premature_configuration.py', 'author': None, 'description': 'Remove premature configuration that should not exist prior to Geti 2.12.0', 'backward_compatibility': None, 'downgradability': True, 'current_version': '33.0', 'target_version': '34.0', 'start_date': datetime.datetime(2026, 8, 9, 9, 50, 52, 521943, tzinfo=datetime.timezone.utc), 'stop_date': datetime.datetime(2026, 8, 9, 9, 50, 52, 531378, tzinfo=datetime.timezone.utc), '_id': ObjectId('6a784d7c0dd5865cef98c8b4')}
2026-08-09 09:50:52,532 [INFO    ] [migration_job.run_migration:189]: Starting upgrade of non-project data to 35.0
2026-08-09 09:50:52,532 [INFO    ] [migration_job.run_migration:191]: Completed upgrade of non-project data to 35.0
2026-08-09 09:50:52,533 [INFO    ] [migration_job.run_migration:203]: The following document has been inserted into upgrades_history collection:{'id': None, 'filepath': 'convert_vfr_videos_to_cfr.py', 'author': None, 'description': 'Converts variable frame rate videos to constant frame rate', 'backward_compatibility': None, 'downgradability': True, 'current_version': '34.0', 'target_version': '35.0', 'start_date': datetime.datetime(2026, 8, 9, 9, 50, 52, 532082, tzinfo=datetime.timezone.utc), 'stop_date': datetime.datetime(2026, 8, 9, 9, 50, 52, 532686, tzinfo=datetime.timezone.utc), '_id': ObjectId('6a784d7c0dd5865cef98c8b5')}
2026-08-09 09:50:52,533 [INFO    ] [migration_job.run_migration:223]: All data updated successfully to 35.0
2026-08-09 09:50:52,533 [INFO    ] [migration_job.run_migration:258]: Successfully finished job
  % Total    % Received % Xferd  Average Speed   Time    Time     Time  Current
                                 Dload  Upload   Total   Spent    Left  Speed
  0     0    0     0    0     0      0      0 --:--:-- --:--:-- --:--:--     0100     2  100     2    0     0   4819      0 --:--:-- --:--:-- --:--:--  2000
OK
