15:40:40,125 commands.install INFO 2.13.1-de29b7ba Running platform installer...
15:40:40,126 cli_utils.checks INFO Running check: check_user_id
15:40:40,126 cli_utils.checks INFO Running check: check_os_version
15:40:40,126 checks.os DEBUG Checking OS version with `grep ^PRETTY /etc/os-release`
15:40:40,128 checks.os DEBUG Local OS: Ubuntu 24.04.4 LTS, required OS: Ubuntu 20.04, Ubuntu 22.04, Ubuntu 24.04, Ubuntu 25.04, Red Hat Enterprise Linux 9.
15:40:40,129 cli_utils.checks INFO Running check: check_internet_connection
15:40:40,129 checks.internet INFO Checking Internet access.
15:40:40,129 checks.internet DEBUG Sending request to http://ghcr.io...
15:40:40,129 urllib3.connectionpool DEBUG Starting new HTTP connection (1): proxy-dmz.intel.com:911
15:40:40,306 urllib3.connectionpool DEBUG http://proxy-dmz.intel.com:911 "HEAD http://ghcr.io/ HTTP/1.1" 301 0
15:40:40,307 checks.internet DEBUG Internet is accessible.
15:40:40,307 cli_utils.checks INFO Running check: check_dns_ipv4_handling
15:40:40,307 checks.dns INFO Checking IPv4 DNS resolve.
15:40:40,307 checks.dns DEBUG Resolving DNS to example.com
15:40:40,366 checks.dns DEBUG DNS did resolve to example.com
15:40:41,861 cli_utils.checks INFO Running check: check_local_cpu
15:40:41,861 checks.resources INFO Checking number of CPU cores.
15:40:41,861 checks.resources DEBUG PLATFORM_CPU_CORES_MIN: 16, available logical CPU cores: 20.
15:40:41,862 cli_utils.checks INFO Running check: check_local_mem
15:40:41,862 checks.resources INFO Checking available memory size.
15:40:41,862 checks.resources DEBUG Memory size requirements: 64 GB, memory available: 66.86 GB.
15:40:41,862 cli_utils.checks INFO Running check: check_local_disk
15:40:41,862 checks.resources INFO Checking size of available disk space.
15:40:41,862 checks.resources DEBUG Disk space requirements: 500 GB, disk space available: 849.52 GB.
15:40:41,862 checks.resources INFO Checking size of available root disk space.
15:40:41,862 checks.resources DEBUG Root filesystem requirements: 40 GB, root disk space available: 849.52 GB.
15:40:41,863 cli_utils.checks INFO Running check: check_local_gpu
15:40:41,863 checks.resources INFO Checking GPU card requirements.
15:40:41,863 checks.resources INFO Checking GPU card requirements.
15:40:41,956 checks.resources ERROR Error shutting down NVML: Uninitialized
15:40:41,956 checks.resources DEBUG Getting the list of Intel GPU with `xpu-smi discovery`
15:40:41,956 checks.resources DEBUG Getting the list of Intel GPU failed with [Errno 2] No such file or directory: 'xpu-smi'
15:40:41,956 checks.resources DEBUG Getting the list of Intel GPU drivers with clinfo|grep "Device Name"|grep Intel
15:40:41,958 checks.resources DEBUG Checking the installed Intel GPU driver failed with Command 'clinfo|grep "Device Name"|grep Intel' returned non-zero exit status 1.
15:40:41,958 checks.resources INFO GPU provider: nvidia
15:40:41,958 checks.resources DEBUG Found nVidia GPUs: NVIDIA GeForce RTX 5090, mem=32607MiB
15:40:41,958 cli_utils.checks INFO Running check: check_gpu_driver_version
15:40:41,958 checks.resources INFO Checking GPU driver version.
15:40:41,991 checks.resources DEBUG GPU driver version matched.
15:40:41,992 cli_utils.checks INFO Running check: check_k8s_is_not_installed
15:40:41,992 checks.k8s INFO Checking whether Kubernetes is not installed...
15:40:41,992 cli_utils.checks DEBUG Port 6443 is in use. It seems Kubernetes is already installed on this machine.
15:40:41,992 cli_utils.checks INFO Running check: check_required_ports_availability
15:40:41,992 checks.ports INFO Checking whether required ports [80, 443, 30000] are available.
15:40:41,992 checks.ports DEBUG Port 80 is available.
15:40:41,992 checks.ports DEBUG Port 443 is available.
15:40:41,992 checks.ports DEBUG Port 30000 is available.
15:40:41,993 cli_utils.checks INFO Running check: check_tools_configuration
15:40:41,993 checks.tools DEBUG Checking curl is installed
15:40:41,999 checks.tools DEBUG curl is installed.
15:40:41,999 checks.tools DEBUG Checking if snap is installed
15:40:42,164 checks.tools DEBUG snap is installed.
15:40:42,164 checks.tools DEBUG Checking if curl is installed by snap.
