15:40:59,958 commands.install INFO 2.13.1-de29b7ba Running platform installer...
15:40:59,959 cli_utils.checks INFO Running check: check_user_id
15:40:59,959 cli_utils.checks INFO Running check: check_os_version
15:40:59,959 checks.os DEBUG Checking OS version with `grep ^PRETTY /etc/os-release`
15:40:59,961 checks.os DEBUG Local OS: Ubuntu 24.04.4 LTS, required OS: Ubuntu 20.04, Ubuntu 22.04, Ubuntu 24.04, Ubuntu 25.04, Red Hat Enterprise Linux 9.
15:40:59,961 cli_utils.checks INFO Running check: check_internet_connection
15:40:59,962 checks.internet INFO Checking Internet access.
15:40:59,962 checks.internet DEBUG Sending request to http://ghcr.io...
15:40:59,962 urllib3.connectionpool DEBUG Starting new HTTP connection (1): proxy-dmz.intel.com:911
15:41:00,132 urllib3.connectionpool DEBUG http://proxy-dmz.intel.com:911 "HEAD http://ghcr.io/ HTTP/1.1" 301 0
15:41:00,133 checks.internet DEBUG Internet is accessible.
15:41:00,135 cli_utils.checks INFO Running check: check_dns_ipv4_handling
15:41:00,135 checks.dns INFO Checking IPv4 DNS resolve.
15:41:00,135 checks.dns DEBUG Resolving DNS to example.com
15:41:00,193 checks.dns DEBUG DNS did resolve to example.com
15:41:01,450 cli_utils.checks INFO Running check: check_local_cpu
15:41:01,450 checks.resources INFO Checking number of CPU cores.
15:41:01,450 checks.resources DEBUG PLATFORM_CPU_CORES_MIN: 16, available logical CPU cores: 20.
15:41:01,451 cli_utils.checks INFO Running check: check_local_mem
15:41:01,451 checks.resources INFO Checking available memory size.
15:41:01,451 checks.resources DEBUG Memory size requirements: 64 GB, memory available: 66.86 GB.
15:41:01,451 cli_utils.checks INFO Running check: check_local_disk
15:41:01,451 checks.resources INFO Checking size of available disk space.
15:41:01,452 checks.resources DEBUG Disk space requirements: 500 GB, disk space available: 851.03 GB.
15:41:01,452 checks.resources INFO Checking size of available root disk space.
15:41:01,452 checks.resources DEBUG Root filesystem requirements: 40 GB, root disk space available: 851.03 GB.
15:41:01,453 cli_utils.checks INFO Running check: check_local_gpu
15:41:01,453 checks.resources INFO Checking GPU card requirements.
15:41:01,453 checks.resources INFO Checking GPU card requirements.
15:41:01,506 checks.resources ERROR Error shutting down NVML: Uninitialized
15:41:01,506 checks.resources DEBUG Getting the list of Intel GPU with `xpu-smi discovery`
15:41:01,507 checks.resources DEBUG Getting the list of Intel GPU failed with [Errno 2] No such file or directory: 'xpu-smi'
15:41:01,507 checks.resources DEBUG Getting the list of Intel GPU drivers with clinfo|grep "Device Name"|grep Intel
15:41:01,508 checks.resources DEBUG Checking the installed Intel GPU driver failed with Command 'clinfo|grep "Device Name"|grep Intel' returned non-zero exit status 1.
15:41:01,508 checks.resources INFO GPU provider: nvidia
15:41:01,508 checks.resources DEBUG Found nVidia GPUs: NVIDIA GeForce RTX 5090, mem=32607MiB
15:41:01,509 cli_utils.checks INFO Running check: check_gpu_driver_version
15:41:01,509 checks.resources INFO Checking GPU driver version.
15:41:01,545 checks.resources DEBUG GPU driver version matched.
15:41:01,546 cli_utils.checks INFO Running check: check_k8s_is_not_installed
15:41:01,546 checks.k8s INFO Checking whether Kubernetes is not installed...
15:41:01,546 checks.ports DEBUG Port 6443 is available.
15:41:01,546 cli_utils.checks INFO Running check: check_required_ports_availability
15:41:01,546 checks.ports INFO Checking whether required ports [80, 443, 30000] are available.
15:41:01,546 checks.ports DEBUG Port 80 is available.
15:41:01,546 checks.ports DEBUG Port 443 is available.
15:41:01,546 checks.ports DEBUG Port 30000 is available.
15:41:01,546 cli_utils.checks INFO Running check: check_tools_configuration
15:41:01,546 checks.tools DEBUG Checking curl is installed
15:41:01,551 checks.tools DEBUG curl is installed.
15:41:01,551 checks.tools DEBUG Checking if snap is installed
15:41:01,575 checks.tools DEBUG snap is installed.
15:41:01,575 checks.tools DEBUG Checking if curl is installed by snap.
15:41:21,951 platform_stages.steps.install_system_packages INFO Downloading system packages...
15:41:21,953 platform_stages.steps.install_system_packages INFO Downloading https://get.helm.sh/helm-v3.16.1-linux-amd64.tar.gz to tools/helm-v3.16.1-linux-amd64.tar.gz...
15:41:21,954 urllib3.connectionpool DEBUG Starting new HTTPS connection (1): get.helm.sh:443
15:41:22,479 urllib3.connectionpool DEBUG https://get.helm.sh:443 "GET /helm-v3.16.1-linux-amd64.tar.gz HTTP/1.1" 200 17323067
15:41:24,124 platform_stages.steps.install_system_packages INFO Successfully downloaded tools/helm-v3.16.1-linux-amd64.tar.gz
15:41:24,681 platform_stages.steps.install_system_packages INFO Extracted helm to tools/
15:41:24,681 platform_stages.steps.install_system_packages INFO Removed archive tools/helm-v3.16.1-linux-amd64.tar.gz
15:41:24,681 platform_stages.steps.install_system_packages INFO Downloading https://github.com/k3s-io/k3s/releases/download/v1.31.0+k3s1/k3s to tools/k3s/k3s...
15:41:24,682 urllib3.connectionpool DEBUG Starting new HTTPS connection (1): github.com:443
15:41:25,350 urllib3.connectionpool DEBUG https://github.com:443 "GET /k3s-io/k3s/releases/download/v1.31.0+k3s1/k3s HTTP/1.1" 302 0
15:41:25,351 urllib3.connectionpool DEBUG Starting new HTTPS connection (1): release-assets.githubusercontent.com:443
15:41:25,724 urllib3.connectionpool DEBUG https://release-assets.githubusercontent.com:443 "GET /github-production-release-asset/135516270/6045f6b7-cc52-4090-abe1-56f3e2a0ce71?sp=r&sv=2018-11-09&sr=b&spr=https&se=2026-08-09T09%3A23%3A16Z&rscd=attachment%3B+filename%3Dk3s&rsct=application%2Foctet-stream&skoid=96c2d410-5711-43a1-aedd-ab1947aa7ab0&sktid=398a6654-997b-47e9-b12b-9515b896b4de&skt=2026-08-09T08%3A22%3A57Z&ske=2026-08-09T09%3A23%3A16Z&sks=b&skv=2018-11-09&sig=3bzKGOnrmygULyVZn06hj%2B26MHq0Cq9IdzgX1Wuh8JU%3D&jwt=eyJ0eXAiOiJKV1QiLCJhbGciOiJIUzI1NiJ9.eyJpc3MiOiJnaXRodWIuY29tIiwiYXVkIjoicmVsZWFzZS1hc3NldHMuZ2l0aHVidXNlcmNvbnRlbnQuY29tIiwia2V5Ijoia2V5MSIsImV4cCI6MTc4NjI2NjY4NSwibmJmIjoxNzg2MjY0ODg1LCJwYXRoIjoicmVsZWFzZWFzc2V0cHJvZHVjdGlvbi5ibG9iLmNvcmUud2luZG93cy5uZXQifQ.I-NEcXa5ryiFnn_XusM-WJgWgMVY87hXuDVmVX6VO4M&response-content-disposition=attachment%3B%20filename%3Dk3s&response-content-type=application%2Foctet-stream HTTP/1.1" 200 68305048
15:41:31,760 platform_stages.steps.install_system_packages INFO Successfully downloaded tools/k3s/k3s
15:41:31,761 platform_stages.steps.install_system_packages INFO Downloading https://github.com/k3s-io/k3s/releases/download/v1.31.0+k3s1/k3s-airgap-images-amd64.tar.gz to tools/k3s/k3s-airgap-images-amd64.tar.gz...
15:41:31,762 urllib3.connectionpool DEBUG Starting new HTTPS connection (1): github.com:443
15:41:32,429 urllib3.connectionpool DEBUG https://github.com:443 "GET /k3s-io/k3s/releases/download/v1.31.0+k3s1/k3s-airgap-images-amd64.tar.gz HTTP/1.1" 302 0
15:41:32,430 urllib3.connectionpool DEBUG Starting new HTTPS connection (1): release-assets.githubusercontent.com:443
15:41:32,800 urllib3.connectionpool DEBUG https://release-assets.githubusercontent.com:443 "GET /github-production-release-asset/135516270/13c9c071-8cfc-44ad-9a8e-5c9e2d641b4b?sp=r&sv=2018-11-09&sr=b&spr=https&se=2026-08-09T09%3A27%3A38Z&rscd=attachment%3B+filename%3Dk3s-airgap-images-amd64.tar.gz&rsct=application%2Foctet-stream&skoid=96c2d410-5711-43a1-aedd-ab1947aa7ab0&sktid=398a6654-997b-47e9-b12b-9515b896b4de&skt=2026-08-09T08%3A27%3A17Z&ske=2026-08-09T09%3A27%3A38Z&sks=b&skv=2018-11-09&sig=tjNBcP6ZYsin1ZhgvKffmUHGuRL4Bd8NxGU8NuI5cfI%3D&jwt=eyJ0eXAiOiJKV1QiLCJhbGciOiJIUzI1NiJ9.eyJpc3MiOiJnaXRodWIuY29tIiwiYXVkIjoicmVsZWFzZS1hc3NldHMuZ2l0aHVidXNlcmNvbnRlbnQuY29tIiwia2V5Ijoia2V5MSIsImV4cCI6MTc4NjI2ODQ5MiwibmJmIjoxNzg2MjY0ODkyLCJwYXRoIjoicmVsZWFzZWFzc2V0cHJvZHVjdGlvbi5ibG9iLmNvcmUud2luZG93cy5uZXQifQ.g15E_TBfKqMg1sXpcfzxnjNdtgGQiewi_G4D2nCJ6RU&response-content-disposition=attachment%3B%20filename%3Dk3s-airgap-images-amd64.tar.gz&response-content-type=application%2Foctet-stream HTTP/1.1" 200 166804310
15:41:47,525 platform_stages.steps.install_system_packages INFO Successfully downloaded tools/k3s/k3s-airgap-images-amd64.tar.gz
15:41:47,526 platform_stages.steps.install_system_packages INFO Downloading https://raw.githubusercontent.com/k3s-io/k3s/refs/tags/v1.31.0+k3s1/install.sh to tools/k3s/install.sh...
15:41:47,527 urllib3.connectionpool DEBUG Starting new HTTPS connection (1): raw.githubusercontent.com:443
15:41:48,113 urllib3.connectionpool DEBUG https://raw.githubusercontent.com:443 "GET /k3s-io/k3s/refs/tags/v1.31.0+k3s1/install.sh HTTP/1.1" 200 10174
15:41:48,124 platform_stages.steps.install_system_packages INFO Successfully downloaded tools/k3s/install.sh
15:41:48,125 platform_stages.steps.install_system_packages INFO Downloading https://archive.ubuntu.com/ubuntu/pool/universe/p/pigz/pigz_2.4-1_amd64.deb to tools/Ubuntu/pigz_2.4-1_amd64.deb...
15:41:48,126 urllib3.connectionpool DEBUG Starting new HTTPS connection (1): archive.ubuntu.com:443
15:41:49,385 urllib3.connectionpool DEBUG https://archive.ubuntu.com:443 "GET /ubuntu/pool/universe/p/pigz/pigz_2.4-1_amd64.deb HTTP/1.1" 200 57448
15:41:49,755 platform_stages.steps.install_system_packages INFO Successfully downloaded tools/Ubuntu/pigz_2.4-1_amd64.deb
15:41:49,756 platform_stages.steps.install_system_packages INFO Downloading https://developer.download.nvidia.com/compute/cuda/repos/ubuntu2004/x86_64/nvidia-container-toolkit-base_1.17.8-1_amd64.deb to tools/Ubuntu/nvidia/nvidia-container-toolkit-base_1.17.8-1_amd64.deb...
15:41:49,757 urllib3.connectionpool DEBUG Starting new HTTPS connection (1): developer.download.nvidia.com:443
15:41:51,113 urllib3.connectionpool DEBUG https://developer.download.nvidia.com:443 "GET /compute/cuda/repos/ubuntu2004/x86_64/nvidia-container-toolkit-base_1.17.8-1_amd64.deb HTTP/1.1" 200 3796622
15:41:51,627 platform_stages.steps.install_system_packages INFO Successfully downloaded tools/Ubuntu/nvidia/nvidia-container-toolkit-base_1.17.8-1_amd64.deb
15:41:51,628 platform_stages.steps.install_system_packages INFO Downloading https://developer.download.nvidia.com/compute/cuda/repos/ubuntu2004/x86_64/nvidia-container-toolkit_1.17.8-1_amd64.deb to tools/Ubuntu/nvidia/nvidia-container-toolkit_1.17.8-1_amd64.deb...
15:41:51,629 urllib3.connectionpool DEBUG Starting new HTTPS connection (1): developer.download.nvidia.com:443
15:41:54,590 urllib3.connectionpool DEBUG https://developer.download.nvidia.com:443 "GET /compute/cuda/repos/ubuntu2004/x86_64/nvidia-container-toolkit_1.17.8-1_amd64.deb HTTP/1.1" 200 1190040
15:41:55,469 platform_stages.steps.install_system_packages INFO Successfully downloaded tools/Ubuntu/nvidia/nvidia-container-toolkit_1.17.8-1_amd64.deb
15:41:55,470 platform_stages.steps.install_system_packages INFO Downloading https://developer.download.nvidia.com/compute/cuda/repos/ubuntu2004/x86_64/libnvidia-container1_1.17.8-1_amd64.deb to tools/Ubuntu/nvidia/libnvidia-container1_1.17.8-1_amd64.deb...
15:41:55,471 urllib3.connectionpool DEBUG Starting new HTTPS connection (1): developer.download.nvidia.com:443
15:41:58,279 urllib3.connectionpool DEBUG https://developer.download.nvidia.com:443 "GET /compute/cuda/repos/ubuntu2004/x86_64/libnvidia-container1_1.17.8-1_amd64.deb HTTP/1.1" 200 925622
15:41:59,102 platform_stages.steps.install_system_packages INFO Successfully downloaded tools/Ubuntu/nvidia/libnvidia-container1_1.17.8-1_amd64.deb
15:41:59,103 platform_stages.steps.install_system_packages INFO Downloading https://developer.download.nvidia.com/compute/cuda/repos/ubuntu2004/x86_64/libnvidia-container-tools_1.17.8-1_amd64.deb to tools/Ubuntu/nvidia/libnvidia-container-tools_1.17.8-1_amd64.deb...
15:41:59,104 urllib3.connectionpool DEBUG Starting new HTTPS connection (1): developer.download.nvidia.com:443
15:42:01,45 urllib3.connectionpool DEBUG https://developer.download.nvidia.com:443 "GET /compute/cuda/repos/ubuntu2004/x86_64/libnvidia-container-tools_1.17.8-1_amd64.deb HTTP/1.1" 200 22136
15:42:01,71 platform_stages.steps.install_system_packages INFO Successfully downloaded tools/Ubuntu/nvidia/libnvidia-container-tools_1.17.8-1_amd64.deb
15:42:01,72 platform_stages.steps.install_system_packages INFO System packages downloaded.
15:42:01,72 platform_stages.steps.install_system_packages INFO Installing system packages...
dpkg: warning: downgrading pigz from 2.8-1 to 2.4-1
(Reading database ... 44610 files and directories currently installed.)
Preparing to unpack .../Ubuntu/pigz_2.4-1_amd64.deb ...
Unpacking pigz (2.4-1) over (2.8-1) ...
Setting up pigz (2.4-1) ...
Processing triggers for man-db (2.12.0-4build2) ...
(Reading database ... 44610 files and directories currently installed.)
Preparing to unpack .../libnvidia-container-tools_1.17.8-1_amd64.deb ...
Unpacking libnvidia-container-tools (1.17.8-1) over (1.17.8-1) ...
Preparing to unpack .../libnvidia-container1_1.17.8-1_amd64.deb ...
Unpacking libnvidia-container1:amd64 (1.17.8-1) over (1.17.8-1) ...
Preparing to unpack .../nvidia-container-toolkit-base_1.17.8-1_amd64.deb ...
Unpacking nvidia-container-toolkit-base (1.17.8-1) over (1.17.8-1) ...
Preparing to unpack .../nvidia-container-toolkit_1.17.8-1_amd64.deb ...
Unpacking nvidia-container-toolkit (1.17.8-1) over (1.17.8-1) ...
Setting up libnvidia-container1:amd64 (1.17.8-1) ...
Setting up nvidia-container-toolkit-base (1.17.8-1) ...
Setting up libnvidia-container-tools (1.17.8-1) ...
Setting up nvidia-container-toolkit (1.17.8-1) ...
Processing triggers for libc-bin (2.39-0ubuntu8.8) ...
15:42:01,925 platform_stages.steps.install_system_packages INFO System packages installed.
15:42:01,925 commands.install INFO Installing k3s. Detailed logs can be found in: platform_logs/k3s_install.log.
15:42:04,356 checks.os DEBUG Checking OS version with `grep ^PRETTY /etc/os-release`
15:42:04,357 checks.os DEBUG Checking OS version with `grep ^PRETTY /etc/os-release`
15:42:04,359 k3s.install INFO envs for k3s installation: {'INSTALL_K3S_SKIP_DOWNLOAD': 'true', 'INSTALL_K3S_VERSION': 'v1.31.0+k3s1', 'INSTALL_K3S_EXEC': '--disable traefik --disable runtimes --service-node-port-range 30000-30050 --node-name=geti --kube-apiserver-arg=enable-admission-plugins=NodeRestriction,ServiceAccount --kube-apiserver-arg=request-timeout=5m0s --kube-apiserver-arg=audit-log-path=/var/lib/rancher/k3s/server/logs/audit.log --kube-apiserver-arg=tls-cipher-suites=TLS_ECDHE_ECDSA_WITH_AES_128_GCM_SHA256,TLS_ECDHE_RSA_WITH_AES_128_GCM_SHA256,TLS_ECDHE_ECDSA_WITH_CHACHA20_POLY1305,TLS_ECDHE_RSA_WITH_AES_256_GCM_SHA384,TLS_ECDHE_RSA_WITH_CHACHA20_POLY1305,TLS_ECDHE_ECDSA_WITH_AES_256_GCM_SHA384 --kube-apiserver-arg=audit-log-maxbackup=10 --kube-apiserver-arg=event-ttl=1h0m0s --kube-controller-manager-arg=terminated-pod-gc-threshold=1000 --kube-controller-manager-arg=leader-elect-lease-duration=30s --kube-controller-manager-arg=leader-elect-renew-deadline=20s --kube-controller-manager-arg=bind-address=127.0.0.1 --kube-scheduler-arg=bind-address=127.0.0.1 --kubelet-arg=streaming-connection-idle-timeout=5m --kubelet-arg=rotate-server-certificates=true --kubelet-arg=eviction-hard=imagefs.available<5Gi,memory.available<100Mi,nodefs.available<5Gi,nodefs.inodesFree<5% --kubelet-arg=eviction-minimum-reclaim=imagefs.available=1Gi,nodefs.available=1Gi --kubelet-arg=image-gc-low-threshold=0 '}
15:42:04,359 k3s.install DEBUG Running K3s installer with the configuration:
INSTALL_K3S_VERSION: v1.31.0+k3s1, INSTALL_K3S_EXEC: --disable traefik --disable runtimes --service-node-port-range 30000-30050 --node-name=geti --kube-apiserver-arg=enable-admission-plugins=NodeRestriction,ServiceAccount --kube-apiserver-arg=request-timeout=5m0s --kube-apiserver-arg=audit-log-path=/var/lib/rancher/k3s/server/logs/audit.log --kube-apiserver-arg=tls-cipher-suites=TLS_ECDHE_ECDSA_WITH_AES_128_GCM_SHA256,TLS_ECDHE_RSA_WITH_AES_128_GCM_SHA256,TLS_ECDHE_ECDSA_WITH_CHACHA20_POLY1305,TLS_ECDHE_RSA_WITH_AES_256_GCM_SHA384,TLS_ECDHE_RSA_WITH_CHACHA20_POLY1305,TLS_ECDHE_ECDSA_WITH_AES_256_GCM_SHA384 --kube-apiserver-arg=audit-log-maxbackup=10 --kube-apiserver-arg=event-ttl=1h0m0s --kube-controller-manager-arg=terminated-pod-gc-threshold=1000 --kube-controller-manager-arg=leader-elect-lease-duration=30s --kube-controller-manager-arg=leader-elect-renew-deadline=20s --kube-controller-manager-arg=bind-address=127.0.0.1 --kube-scheduler-arg=bind-address=127.0.0.1 --kubelet-arg=streaming-connection-idle-timeout=5m --kubelet-arg=rotate-server-certificates=true --kubelet-arg=eviction-hard=imagefs.available<5Gi,memory.available<100Mi,nodefs.available<5Gi,nodefs.inodesFree<5% --kubelet-arg=eviction-minimum-reclaim=imagefs.available=1Gi,nodefs.available=1Gi --kubelet-arg=image-gc-low-threshold=0 .
15:42:07,870 k3s.install DEBUG Checking if k3s node is already set up.
15:42:07,951 k3s.install DEBUG k3s node is not yet ready.
15:42:18,31 k3s.install DEBUG Config file: '/var/lib/rancher/k3s/agent/etc/containerd/config.toml.tmpl' not found, skipping.
15:42:18,31 k3s.install DEBUG Created a stub file /etc/rancher/k3s/impt_k3s to differentiate platform installer k3s installation.
15:42:18,31 k3s.install DEBUG Adjusting K3s kubeconfig server address.
15:42:18,32 k3s.detect_ip DEBUG Getting first public IPv4 machine's network interface address.
15:42:18,32 k3s.detect_ip DEBUG Getting first private IPv4 machine's network interface address.
15:42:18,32 k3s.install DEBUG Copied /etc/rancher/k3s/k3s.yaml to /etc/rancher/k3s/k3s-remote.yaml.
15:42:18,35 k3s.install DEBUG Server address in /etc/rancher/k3s/k3s-remote.yaml is set: 10.255.255.254.
15:42:18,40 k3s.install DEBUG Namespace in /etc/rancher/k3s/k3s-remote.yaml is set to: impt.
15:42:18,40 commands.install INFO k3s installed successfully. Path to admin kubeconfig: /etc/rancher/k3s/k3s.yaml
15:42:18,41 k3s.detect_ip DEBUG Getting first public IPv4 machine's network interface address.
15:42:18,41 k3s.detect_ip DEBUG Getting first private IPv4 machine's network interface address.
15:42:18,42 platform_stages.steps.create_platform_dir INFO Creating platform install path at '/tmp/impp-install'
15:42:18,44 platform_stages.steps.create_platform_dir INFO Platform path created.
15:42:18,44 platform_stages.steps.extract_registry_data INFO External registry used, skipping internal registry extract
15:42:18,54 platform_utils.helm INFO Generating Jinja template.
15:42:18,54 commands.install ERROR Error during installation.
Traceback (most recent call last):
  File "/home/sysc/geti_v2/platform/services/installer/app/platform_utils/helm.py", line 127, in save_jinja_template
    template = environment.get_template(source_file)
  File "/home/sysc/geti_v2/platform/services/installer/.venv/lib/python3.10/site-packages/jinja2/environment.py", line 1016, in get_template
    return self._load_template(name, globals)
  File "/home/sysc/geti_v2/platform/services/installer/.venv/lib/python3.10/site-packages/jinja2/environment.py", line 975, in _load_template
    template = self.loader.load(self, name, self.make_globals(globals))
  File "/home/sysc/geti_v2/platform/services/installer/.venv/lib/python3.10/site-packages/jinja2/loaders.py", line 126, in load
    source, filename, uptodate = self.get_source(environment, name)
  File "/home/sysc/geti_v2/platform/services/installer/.venv/lib/python3.10/site-packages/jinja2/loaders.py", line 209, in get_source
    raise TemplateNotFound(
jinja2.exceptions.TemplateNotFound: 'nvidia-device-plugin.yaml.j2' not found in search path: '../templates'

The above exception was the direct cause of the following exception:

Traceback (most recent call last):
  File "/home/sysc/geti_v2/platform/services/installer/app/commands/install.py", line 382, in execute_installation
    install_platform(config=config)
  File "/home/sysc/geti_v2/platform/services/installer/app/platform_stages/install.py", line 75, in install_platform
    task()
  File "/home/sysc/geti_v2/platform/services/installer/app/platform_stages/steps/configure_gpu.py", line 143, in configure_gpu
    save_jinja_template(NVIDIA_DEVICE_PLUGIN_TEMPLATE_NAME, data, NVIDIA_DEVICE_PLUGIN_YAML_PATH)
  File "/home/sysc/geti_v2/platform/services/installer/app/platform_utils/helm.py", line 133, in save_jinja_template
    raise GenerateTemplateError from ex
platform_stages.steps.errors.GenerateTemplateError
15:42:18,54 platform_utils.management.state INFO Dumping cluster info into: 'platform_logs/cluster_info/20260809T154218'
Cluster info dumped to platform_logs/cluster_info/20260809T154218
15:42:19,712 platform_utils.management.state INFO Cluster info dumped.
